Sep  9 13:20:02 cu-cs-vm rsyslogd: [origin software="rsyslogd" swVersion="8.16.0" x-pid="603" x-info="http://www.rsyslog.com"] rsyslogd was HUPed
Sep  9 13:20:06 cu-cs-vm systemd[1]: Stopped target Sound Card.
Sep  9 13:20:06 cu-cs-vm systemd[1]: Stopping Daemon for generating UUIDs...
Sep  9 13:20:06 cu-cs-vm systemd[1]: Closed Load/Save RF Kill Switch Status /dev/rfkill Watch.
Sep  9 13:20:06 cu-cs-vm systemd[1]: Stopping Disk Manager...
Sep  9 13:20:06 cu-cs-vm systemd[1]: Stopping Authenticate and Authorize Users to Run Privileged Tasks...
Sep  9 13:20:06 cu-cs-vm obexd[2422]: Terminating
Sep  9 13:20:06 cu-cs-vm systemd[1]: Stopping Session c1 of user user.
Sep  9 13:20:06 cu-cs-vm systemd[1]: Stopping ACPI event daemon...
Sep  9 13:20:06 cu-cs-vm systemd[1]: Stopping Daemon for power management...
Sep  9 13:20:06 cu-cs-vm systemd[1]: Stopping User Manager for UID 1000...
Sep  9 13:20:06 cu-cs-vm systemd[1]: Stopped target Graphical Interface.
Sep  9 13:20:06 cu-cs-vm systemd[1]: Stopping Light Display Manager...
Sep  9 13:20:06 cu-cs-vm systemd[1]: Stopping Save/Restore Sound Card State...
Sep  9 13:20:06 cu-cs-vm systemd[1]: Stopped target Multi-User System.
Sep  9 13:20:06 cu-cs-vm systemd[1]: Stopped Initialize hardware monitoring sensors.
Sep  9 13:20:06 cu-cs-vm systemd[1]: Stopping LSB: Speech Dispatcher...
Sep  9 13:20:06 cu-cs-vm systemd[1]: Stopping Run anacron jobs...
Sep  9 13:20:06 cu-cs-vm systemd[1]: Stopping OpenBSD Secure Shell server...
Sep  9 13:20:06 cu-cs-vm systemd[1]: Stopping LSB: Load kernel image with kexec...
Sep  9 13:20:06 cu-cs-vm systemd[1]: Stopping Make remote CUPS printers available locally...
Sep  9 13:20:06 cu-cs-vm systemd[1]: Stopped Wait until snapd is fully seeded.
Sep  9 13:20:06 cu-cs-vm systemd[1]: Stopping LSB: daemon to balance interrupts for SMP systems...
Sep  9 13:20:06 cu-cs-vm systemd[1]: Stopping LSB: disk temperature monitoring daemon...
Sep  9 13:20:06 cu-cs-vm systemd[1]: Stopped target Login Prompts.
Sep  9 13:20:02 cu-cs-vm rsyslogd: [origin software="rsyslogd" swVersion="8.16.0" x-pid="603" x-info="http://www.rsyslog.com"] rsyslogd was HUPed
Sep  9 13:20:06 cu-cs-vm rsyslogd: [origin software="rsyslogd" swVersion="8.16.0" x-pid="603" x-info="http://www.rsyslog.com"] exiting on signal 15.
Sep  9 13:20:36 cu-cs-vm rsyslogd: [origin software="rsyslogd" swVersion="8.16.0" x-pid="642" x-info="http://www.rsyslog.com"] start
Sep  9 13:20:36 cu-cs-vm rsyslogd-2222: command 'KLogPermitNonKernelFacility' is currently not permitted - did you already set it via a RainerScript command (v6+ config)? [v8.16.0 try http://www.rsyslog.com/e/2222 ]
Sep  9 13:20:36 cu-cs-vm rsyslogd: rsyslogd's groupid changed to 108
Sep  9 13:20:36 cu-cs-vm rsyslogd: rsyslogd's userid changed to 104
Sep  9 13:20:36 cu-cs-vm rsyslogd-2039: Could not open output pipe '/dev/xconsole':: No such file or directory [v8.16.0 try http://www.rsyslog.com/e/2039 ]
Sep  9 13:20:36 cu-cs-vm rsyslogd-2007: action 'action 10' suspended, next retry is Mon Sep  9 13:21:06 2019 [v8.16.0 try http://www.rsyslog.com/e/2007 ]
Sep  9 13:20:36 cu-cs-vm kernel: [    0.000000] Linux version 4.15.0-33-generic (buildd@lgw01-amd64-010) (gcc version 5.4.0 20160609 (Ubuntu 5.4.0-6ubuntu1~16.04.10)) #36~16.04.1-Ubuntu SMP Wed Aug 15 17:21:05 UTC 2018 (Ubuntu 4.15.0-33.36~16.04.1-generic 4.15.18)
Sep  9 13:20:36 cu-cs-vm kernel: [    0.000000] Command line: BOOT_IMAGE=/boot/vmlinuz-4.15.0-33-generic root=UUID=a7adc8c1-e02a-478b-93ad-c06e060e0176 ro quiet splash
Sep  9 13:20:36 cu-cs-vm kernel: [    0.000000] KERNEL supported cpus:
Sep  9 13:20:36 cu-cs-vm kernel: [    0.000000]   Intel GenuineIntel
Sep  9 13:20:36 cu-cs-vm kernel: [    0.000000]   AMD AuthenticAMD
Sep  9 13:20:36 cu-cs-vm kernel: [    0.000000]   Centaur CentaurHauls
Sep  9 13:20:36 cu-cs-vm kernel: [    0.000000] x86/fpu: Supporting XSAVE feature 0x001: 'x87 floating point registers'
Sep  9 13:20:36 cu-cs-vm kernel: [    0.000000] x86/fpu: Supporting XSAVE feature 0x002: 'SSE registers'
Sep  9 13:20:36 cu-cs-vm kernel: [    0.000000] x86/fpu: Supporting XSAVE feature 0x004: 'AVX registers'
Sep  9 13:20:36 cu-cs-vm kernel: [    0.000000] x86/fpu: xstate_offset[2]:  576, xstate_sizes[2]:  256
Sep  9 13:20:36 cu-cs-vm kernel: [    0.000000] x86/fpu: Enabled xstate features 0x7, context size is 832 bytes, using 'standard' format.
Sep  9 13:20:36 cu-cs-vm kernel: [    0.000000] e820: BIOS-provided physical RAM map:
Sep  9 13:20:36 cu-cs-vm kernel: [    0.000000] BIOS-e820: [mem 0x0000000000000000-0x000000000009fbff] usable
Sep  9 13:20:36 cu-cs-vm kernel: [    0.000000] BIOS-e820: [mem 0x000000000009fc00-0x000000000009ffff] reserved
Sep  9 13:20:36 cu-cs-vm kernel: [    0.000000] BIOS-e820: [mem 0x00000000000f0000-0x00000000000fffff] reserved
Sep  9 13:20:36 cu-cs-vm kernel: [    0.000000] BIOS-e820: [mem 0x0000000000100000-0x00000000dffeffff] usable
Sep  9 13:20:36 cu-cs-vm kernel: [    0.000000] BIOS-e820: [mem 0x00000000dfff0000-0x00000000dfffffff] ACPI data
Sep  9 13:20:36 cu-cs-vm kernel: [    0.000000] BIOS-e820: [mem 0x00000000fec00000-0x00000000fec00fff] reserved
Sep  9 13:20:36 cu-cs-vm kernel: [    0.000000] BIOS-e820: [mem 0x00000000fee00000-0x00000000fee00fff] reserved
Sep  9 13:20:36 cu-cs-vm kernel: [    0.000000] BIOS-e820: [mem 0x00000000fffc0000-0x00000000ffffffff] reserved
Sep  9 13:20:36 cu-cs-vm kernel: [    0.000000] NX (Execute Disable) protection: active
Sep  9 13:20:36 cu-cs-vm kernel: [    0.000000] SMBIOS 2.5 present.
Sep  9 13:20:36 cu-cs-vm kernel: [    0.000000] DMI: innotek GmbH VirtualBox/VirtualBox, BIOS VirtualBox 12/01/2006
Sep  9 13:20:36 cu-cs-vm kernel: [    0.000000] Hypervisor detected: KVM
Sep  9 13:20:36 cu-cs-vm kernel: [    0.000000] e820: update [mem 0x00000000-0x00000fff] usable ==> reserved
Sep  9 13:20:36 cu-cs-vm kernel: [    0.000000] e820: remove [mem 0x000a0000-0x000fffff] usable
Sep  9 13:20:36 cu-cs-vm kernel: [    0.000000] e820: last_pfn = 0xdfff0 max_arch_pfn = 0x400000000
Sep  9 13:20:36 cu-cs-vm kernel: [    0.000000] MTRR default type: uncachable
Sep  9 13:20:36 cu-cs-vm kernel: [    0.000000] MTRR variable ranges disabled:
Sep  9 13:20:36 cu-cs-vm kernel: [    0.000000] MTRR: Disabled
Sep  9 13:20:36 cu-cs-vm kernel: [    0.000000] x86/PAT: MTRRs disabled, skipping PAT initialization too.
Sep  9 13:20:36 cu-cs-vm kernel: [    0.000000] CPU MTRRs all blank - virtualized system.
Sep  9 13:20:36 cu-cs-vm kernel: [    0.000000] x86/PAT: Configuration [0-7]: WB  WT  UC- UC  WB  WT  UC- UC  
Sep  9 13:20:36 cu-cs-vm kernel: [    0.000000] Scanning 1 areas for low memory corruption
Sep  9 13:20:36 cu-cs-vm kernel: [    0.000000] Base memory trampoline at [        (ptrval)] 99000 size 24576
Sep  9 13:20:36 cu-cs-vm kernel: [    0.000000] BRK [0xcff3d000, 0xcff3dfff] PGTABLE
Sep  9 13:20:36 cu-cs-vm kernel: [    0.000000] BRK [0xcff3e000, 0xcff3efff] PGTABLE
Sep  9 13:20:36 cu-cs-vm kernel: [    0.000000] BRK [0xcff3f000, 0xcff3ffff] PGTABLE
Sep  9 13:20:36 cu-cs-vm kernel: [    0.000000] BRK [0xcff40000, 0xcff40fff] PGTABLE
Sep  9 13:20:36 cu-cs-vm kernel: [    0.000000] BRK [0xcff41000, 0xcff41fff] PGTABLE
Sep  9 13:20:36 cu-cs-vm kernel: [    0.000000] BRK [0xcff42000, 0xcff42fff] PGTABLE
Sep  9 13:20:36 cu-cs-vm kernel: [    0.000000] BRK [0xcff43000, 0xcff43fff] PGTABLE
Sep  9 13:20:36 cu-cs-vm kernel: [    0.000000] BRK [0xcff44000, 0xcff44fff] PGTABLE
Sep  9 13:20:36 cu-cs-vm kernel: [    0.000000] RAMDISK: [mem 0x317a4000-0x34bc9fff]
Sep  9 13:20:36 cu-cs-vm kernel: [    0.000000] ACPI: Early table checksum verification disabled
Sep  9 13:20:36 cu-cs-vm kernel: [    0.000000] ACPI: RSDP 0x00000000000E0000 000024 (v02 VBOX  )
Sep  9 13:20:36 cu-cs-vm kernel: [    0.000000] ACPI: XSDT 0x00000000DFFF0030 00003C (v01 VBOX   VBOXXSDT 00000001 ASL  00000061)
Sep  9 13:20:36 cu-cs-vm kernel: [    0.000000] ACPI: FACP 0x00000000DFFF00F0 0000F4 (v04 VBOX   VBOXFACP 00000001 ASL  00000061)
Sep  9 13:20:36 cu-cs-vm kernel: [    0.000000] ACPI: DSDT 0x00000000DFFF0470 0022EA (v02 VBOX   VBOXBIOS 00000002 INTL 20100528)
Sep  9 13:20:36 cu-cs-vm kernel: [    0.000000] ACPI: FACS 0x00000000DFFF0200 000040
Sep  9 13:20:36 cu-cs-vm kernel: [    0.000000] ACPI: FACS 0x00000000DFFF0200 000040
Sep  9 13:20:36 cu-cs-vm kernel: [    0.000000] ACPI: APIC 0x00000000DFFF0240 000054 (v02 VBOX   VBOXAPIC 00000001 ASL  00000061)
Sep  9 13:20:36 cu-cs-vm kernel: [    0.000000] ACPI: SSDT 0x00000000DFFF02A0 0001CC (v01 VBOX   VBOXCPUT 00000002 INTL 20100528)
Sep  9 13:20:36 cu-cs-vm kernel: [    0.000000] ACPI: Local APIC address 0xfee00000
Sep  9 13:20:36 cu-cs-vm kernel: [    0.000000] No NUMA configuration found
Sep  9 13:20:36 cu-cs-vm kernel: [    0.000000] Faking a node at [mem 0x0000000000000000-0x00000000dffeffff]
Sep  9 13:20:36 cu-cs-vm kernel: [    0.000000] NODE_DATA(0) allocated [mem 0xdffc5000-0xdffeffff]
Sep  9 13:20:36 cu-cs-vm kernel: [    0.000000] kvm-clock: cpu 0, msr 0:dff44001, primary cpu clock
Sep  9 13:20:36 cu-cs-vm kernel: [    0.000000] kvm-clock: Using msrs 4b564d01 and 4b564d00
Sep  9 13:20:36 cu-cs-vm kernel: [    0.000000] kvm-clock: using sched offset of 337382791025 cycles
Sep  9 13:20:36 cu-cs-vm kernel: [    0.000000] clocksource: kvm-clock: mask: 0xffffffffffffffff max_cycles: 0x1cd42e4dffb, max_idle_ns: 881590591483 ns
Sep  9 13:20:36 cu-cs-vm kernel: [    0.000000] Zone ranges:
Sep  9 13:20:36 cu-cs-vm kernel: [    0.000000]   DMA      [mem 0x0000000000001000-0x0000000000ffffff]
Sep  9 13:20:36 cu-cs-vm kernel: [    0.000000]   DMA32    [mem 0x0000000001000000-0x00000000dffeffff]
Sep  9 13:20:36 cu-cs-vm kernel: [    0.000000]   Normal   empty
Sep  9 13:20:36 cu-cs-vm kernel: [    0.000000]   Device   empty
Sep  9 13:20:36 cu-cs-vm kernel: [    0.000000] Movable zone start for each node
Sep  9 13:20:36 cu-cs-vm kernel: [    0.000000] Early memory node ranges
Sep  9 13:20:36 cu-cs-vm kernel: [    0.000000]   node   0: [mem 0x0000000000001000-0x000000000009efff]
Sep  9 13:20:36 cu-cs-vm kernel: [    0.000000]   node   0: [mem 0x0000000000100000-0x00000000dffeffff]
Sep  9 13:20:36 cu-cs-vm kernel: [    0.000000] Initmem setup node 0 [mem 0x0000000000001000-0x00000000dffeffff]
Sep  9 13:20:36 cu-cs-vm kernel: [    0.000000] On node 0 totalpages: 917390
Sep  9 13:20:36 cu-cs-vm kernel: [    0.000000]   DMA zone: 64 pages used for memmap
Sep  9 13:20:36 cu-cs-vm kernel: [    0.000000]   DMA zone: 21 pages reserved
Sep  9 13:20:36 cu-cs-vm kernel: [    0.000000]   DMA zone: 3998 pages, LIFO batch:0
Sep  9 13:20:36 cu-cs-vm kernel: [    0.000000]   DMA32 zone: 14272 pages used for memmap
Sep  9 13:20:36 cu-cs-vm kernel: [    0.000000]   DMA32 zone: 913392 pages, LIFO batch:31
Sep  9 13:20:36 cu-cs-vm kernel: [    0.000000] Reserved but unavailable: 98 pages
Sep  9 13:20:36 cu-cs-vm kernel: [    0.000000] ACPI: PM-Timer IO Port: 0x4008
Sep  9 13:20:36 cu-cs-vm kernel: [    0.000000] ACPI: Local APIC address 0xfee00000
Sep  9 13:20:36 cu-cs-vm kernel: [    0.000000] IOAPIC[0]: apic_id 1, version 32, address 0xfec00000, GSI 0-23
Sep  9 13:20:36 cu-cs-vm kernel: [    0.000000] ACPI: INT_SRC_OVR (bus 0 bus_irq 0 global_irq 2 dfl dfl)
Sep  9 13:20:36 cu-cs-vm kernel: [    0.000000] ACPI: INT_SRC_OVR (bus 0 bus_irq 9 global_irq 9 low level)
Sep  9 13:20:36 cu-cs-vm kernel: [    0.000000] ACPI: IRQ0 used by override.
Sep  9 13:20:36 cu-cs-vm kernel: [    0.000000] ACPI: IRQ9 used by override.
Sep  9 13:20:36 cu-cs-vm kernel: [    0.000000] Using ACPI (MADT) for SMP configuration information
Sep  9 13:20:36 cu-cs-vm kernel: [    0.000000] smpboot: Allowing 1 CPUs, 0 hotplug CPUs
Sep  9 13:20:36 cu-cs-vm kernel: [    0.000000] PM: Registered nosave memory: [mem 0x00000000-0x00000fff]
Sep  9 13:20:36 cu-cs-vm kernel: [    0.000000] PM: Registered nosave memory: [mem 0x0009f000-0x0009ffff]
Sep  9 13:20:36 cu-cs-vm kernel: [    0.000000] PM: Registered nosave memory: [mem 0x000a0000-0x000effff]
Sep  9 13:20:36 cu-cs-vm kernel: [    0.000000] PM: Registered nosave memory: [mem 0x000f0000-0x000fffff]
Sep  9 13:20:36 cu-cs-vm kernel: [    0.000000] e820: [mem 0xe0000000-0xfebfffff] available for PCI devices
Sep  9 13:20:36 cu-cs-vm kernel: [    0.000000] Booting paravirtualized kernel on KVM
Sep  9 13:20:36 cu-cs-vm kernel: [    0.000000] clocksource: refined-jiffies: mask: 0xffffffff max_cycles: 0xffffffff, max_idle_ns: 7645519600211568 ns
Sep  9 13:20:36 cu-cs-vm kernel: [    0.000000] random: get_random_bytes called from start_kernel+0x99/0x51b with crng_init=0
Sep  9 13:20:36 cu-cs-vm kernel: [    0.000000] setup_percpu: NR_CPUS:8192 nr_cpumask_bits:1 nr_cpu_ids:1 nr_node_ids:1
Sep  9 13:20:36 cu-cs-vm kernel: [    0.000000] percpu: Embedded 46 pages/cpu @        (ptrval) s151552 r8192 d28672 u2097152
Sep  9 13:20:36 cu-cs-vm kernel: [    0.000000] pcpu-alloc: s151552 r8192 d28672 u2097152 alloc=1*2097152
Sep  9 13:20:36 cu-cs-vm kernel: [    0.000000] pcpu-alloc: [0] 0 
Sep  9 13:20:36 cu-cs-vm kernel: [    0.000000] PV qspinlock hash table entries: 256 (order: 0, 4096 bytes)
Sep  9 13:20:36 cu-cs-vm kernel: [    0.000000] Built 1 zonelists, mobility grouping on.  Total pages: 903033
Sep  9 13:20:36 cu-cs-vm kernel: [    0.000000] Policy zone: DMA32
Sep  9 13:20:36 cu-cs-vm kernel: [    0.000000] Kernel command line: BOOT_IMAGE=/boot/vmlinuz-4.15.0-33-generic root=UUID=a7adc8c1-e02a-478b-93ad-c06e060e0176 ro quiet splash
Sep  9 13:20:36 cu-cs-vm kernel: [    0.000000] Calgary: detecting Calgary via BIOS EBDA area
Sep  9 13:20:36 cu-cs-vm kernel: [    0.000000] Calgary: Unable to locate Rio Grande table in EBDA - bailing!
Sep  9 13:20:36 cu-cs-vm kernel: [    0.000000] Memory: 3529856K/3669560K available (12300K kernel code, 2469K rwdata, 4252K rodata, 2404K init, 2416K bss, 139704K reserved, 0K cma-reserved)
Sep  9 13:20:36 cu-cs-vm kernel: [    0.000000] SLUB: HWalign=64, Order=0-3, MinObjects=0, CPUs=1, Nodes=1
Sep  9 13:20:36 cu-cs-vm kernel: [    0.000000] Kernel/User page tables isolation: enabled
Sep  9 13:20:36 cu-cs-vm kernel: [    0.000000] ftrace: allocating 39127 entries in 153 pages
Sep  9 13:20:36 cu-cs-vm kernel: [    0.004000] Hierarchical RCU implementation.
Sep  9 13:20:36 cu-cs-vm kernel: [    0.004000] 	RCU restricting CPUs from NR_CPUS=8192 to nr_cpu_ids=1.
Sep  9 13:20:36 cu-cs-vm kernel: [    0.004000] 	Tasks RCU enabled.
Sep  9 13:20:36 cu-cs-vm kernel: [    0.004000] RCU: Adjusting geometry for rcu_fanout_leaf=16, nr_cpu_ids=1
Sep  9 13:20:36 cu-cs-vm kernel: [    0.004000] NR_IRQS: 524544, nr_irqs: 256, preallocated irqs: 16
Sep  9 13:20:36 cu-cs-vm kernel: [    0.004000] Console: colour VGA+ 80x25
Sep  9 13:20:36 cu-cs-vm kernel: [    0.004000] console [tty0] enabled
Sep  9 13:20:36 cu-cs-vm kernel: [    0.004000] ACPI: Core revision 20170831
Sep  9 13:20:36 cu-cs-vm kernel: [    0.004000] ACPI: 2 ACPI AML tables successfully acquired and loaded
Sep  9 13:20:36 cu-cs-vm kernel: [    0.004000] APIC: Switch to symmetric I/O mode setup
Sep  9 13:20:36 cu-cs-vm kernel: [    0.004000] x2apic enabled
Sep  9 13:20:36 cu-cs-vm kernel: [    0.004000] Switched APIC routing to physical x2apic.
Sep  9 13:20:36 cu-cs-vm kernel: [    0.004000] ..TIMER: vector=0x30 apic1=0 pin1=2 apic2=-1 pin2=-1
Sep  9 13:20:36 cu-cs-vm kernel: [    0.004000] tsc: Detected 2807.998 MHz processor
Sep  9 13:20:36 cu-cs-vm kernel: [    0.004000] Calibrating delay loop (skipped) preset value.. 5615.99 BogoMIPS (lpj=11231992)
Sep  9 13:20:36 cu-cs-vm kernel: [    0.004000] pid_max: default: 32768 minimum: 301
Sep  9 13:20:36 cu-cs-vm kernel: [    0.004000] Security Framework initialized
Sep  9 13:20:36 cu-cs-vm kernel: [    0.004000] Yama: becoming mindful.
Sep  9 13:20:36 cu-cs-vm kernel: [    0.004000] AppArmor: AppArmor initialized
Sep  9 13:20:36 cu-cs-vm kernel: [    0.004000] Dentry cache hash table entries: 524288 (order: 10, 4194304 bytes)
Sep  9 13:20:36 cu-cs-vm kernel: [    0.004000] Inode-cache hash table entries: 262144 (order: 9, 2097152 bytes)
Sep  9 13:20:36 cu-cs-vm kernel: [    0.004000] Mount-cache hash table entries: 8192 (order: 4, 65536 bytes)
Sep  9 13:20:36 cu-cs-vm kernel: [    0.004000] Mountpoint-cache hash table entries: 8192 (order: 4, 65536 bytes)
Sep  9 13:20:36 cu-cs-vm kernel: [    0.004000] mce: CPU supports 0 MCE banks
Sep  9 13:20:36 cu-cs-vm kernel: [    0.004000] process: using mwait in idle threads
Sep  9 13:20:36 cu-cs-vm kernel: [    0.004000] Last level iTLB entries: 4KB 64, 2MB 8, 4MB 8
Sep  9 13:20:36 cu-cs-vm kernel: [    0.004000] Last level dTLB entries: 4KB 64, 2MB 0, 4MB 0, 1GB 4
Sep  9 13:20:36 cu-cs-vm kernel: [    0.004000] Spectre V2 : Mitigation: Full generic retpoline
Sep  9 13:20:36 cu-cs-vm kernel: [    0.004000] Spectre V2 : Spectre v2 mitigation: Filling RSB on context switch
Sep  9 13:20:36 cu-cs-vm kernel: [    0.004000] Speculative Store Bypass: Vulnerable
Sep  9 13:20:36 cu-cs-vm kernel: [    0.011424] Freeing SMP alternatives memory: 36K
Sep  9 13:20:36 cu-cs-vm kernel: [    0.016000] APIC calibration not consistent with PM-Timer: 101ms instead of 100ms
Sep  9 13:20:36 cu-cs-vm kernel: [    0.016000] APIC delta adjusted to PM-Timer: 6250007 (6323917)
Sep  9 13:20:36 cu-cs-vm kernel: [    0.016000] smpboot: CPU0: Intel(R) Core(TM) i7-7700HQ CPU @ 2.80GHz (family: 0x6, model: 0x9e, stepping: 0x9)
Sep  9 13:20:36 cu-cs-vm kernel: [    0.016000] Performance Events: unsupported p6 CPU model 158 no PMU driver, software events only.
Sep  9 13:20:36 cu-cs-vm kernel: [    0.016000] Hierarchical SRCU implementation.
Sep  9 13:20:36 cu-cs-vm kernel: [    0.016000] NMI watchdog: Perf event create on CPU 0 failed with -2
Sep  9 13:20:36 cu-cs-vm kernel: [    0.016000] NMI watchdog: Perf NMI watchdog permanently disabled
Sep  9 13:20:36 cu-cs-vm kernel: [    0.016000] smp: Bringing up secondary CPUs ...
Sep  9 13:20:36 cu-cs-vm kernel: [    0.016000] smp: Brought up 1 node, 1 CPU
Sep  9 13:20:36 cu-cs-vm kernel: [    0.016000] smpboot: Max logical packages: 1
Sep  9 13:20:36 cu-cs-vm kernel: [    0.016000] smpboot: Total of 1 processors activated (5615.99 BogoMIPS)
Sep  9 13:20:36 cu-cs-vm kernel: [    0.016000] devtmpfs: initialized
Sep  9 13:20:36 cu-cs-vm kernel: [    0.016000] x86/mm: Memory block size: 128MB
Sep  9 13:20:36 cu-cs-vm kernel: [    0.016000] evm: security.selinux
Sep  9 13:20:36 cu-cs-vm kernel: [    0.016000] evm: security.SMACK64
Sep  9 13:20:36 cu-cs-vm kernel: [    0.016000] evm: security.SMACK64EXEC
Sep  9 13:20:36 cu-cs-vm kernel: [    0.016000] evm: security.SMACK64TRANSMUTE
Sep  9 13:20:36 cu-cs-vm kernel: [    0.016000] evm: security.SMACK64MMAP
Sep  9 13:20:36 cu-cs-vm kernel: [    0.016000] evm: security.apparmor
Sep  9 13:20:36 cu-cs-vm kernel: [    0.016000] evm: security.ima
Sep  9 13:20:36 cu-cs-vm kernel: [    0.016000] evm: security.capability
Sep  9 13:20:36 cu-cs-vm kernel: [    0.016000] clocksource: jiffies: mask: 0xffffffff max_cycles: 0xffffffff, max_idle_ns: 7645041785100000 ns
Sep  9 13:20:36 cu-cs-vm kernel: [    0.016000] futex hash table entries: 256 (order: 2, 16384 bytes)
Sep  9 13:20:36 cu-cs-vm kernel: [    0.016000] pinctrl core: initialized pinctrl subsystem
Sep  9 13:20:36 cu-cs-vm kernel: [    0.016000] RTC time: 19:20:17, date: 09/09/19
Sep  9 13:20:36 cu-cs-vm kernel: [    0.016000] NET: Registered protocol family 16
Sep  9 13:20:36 cu-cs-vm kernel: [    0.016000] audit: initializing netlink subsys (disabled)
Sep  9 13:20:36 cu-cs-vm kernel: [    0.016000] cpuidle: using governor ladder
Sep  9 13:20:36 cu-cs-vm kernel: [    0.016000] cpuidle: using governor menu
Sep  9 13:20:36 cu-cs-vm kernel: [    0.016000] ACPI: bus type PCI registered
Sep  9 13:20:36 cu-cs-vm kernel: [    0.016000] acpiphp: ACPI Hot Plug PCI Controller Driver version: 0.5
Sep  9 13:20:36 cu-cs-vm kernel: [    0.016000] PCI: Using configuration type 1 for base access
Sep  9 13:20:36 cu-cs-vm kernel: [    0.016000] audit: type=2000 audit(1568057153.441:1): state=initialized audit_enabled=0 res=1
Sep  9 13:20:36 cu-cs-vm kernel: [    0.016000] HugeTLB registered 2.00 MiB page size, pre-allocated 0 pages
Sep  9 13:20:36 cu-cs-vm kernel: [    0.016000] ACPI: Added _OSI(Module Device)
Sep  9 13:20:36 cu-cs-vm kernel: [    0.016000] ACPI: Added _OSI(Processor Device)
Sep  9 13:20:36 cu-cs-vm kernel: [    0.016000] ACPI: Added _OSI(3.0 _SCP Extensions)
Sep  9 13:20:36 cu-cs-vm kernel: [    0.016000] ACPI: Added _OSI(Processor Aggregator Device)
Sep  9 13:20:36 cu-cs-vm kernel: [    0.016000] ACPI: Added _OSI(Linux-Dell-Video)
Sep  9 13:20:36 cu-cs-vm kernel: [    0.016263] ACPI: Executed 1 blocks of module-level executable AML code
Sep  9 13:20:36 cu-cs-vm kernel: [    0.020708] ACPI: Interpreter enabled
Sep  9 13:20:36 cu-cs-vm kernel: [    0.020717] ACPI: (supports S0 S5)
Sep  9 13:20:36 cu-cs-vm kernel: [    0.020718] ACPI: Using IOAPIC for interrupt routing
Sep  9 13:20:36 cu-cs-vm kernel: [    0.020988] PCI: Using host bridge windows from ACPI; if necessary, use "pci=nocrs" and report a bug
Sep  9 13:20:36 cu-cs-vm kernel: [    0.021204] ACPI: Enabled 2 GPEs in block 00 to 07
Sep  9 13:20:36 cu-cs-vm kernel: [    0.028066] ACPI: PCI Root Bridge [PCI0] (domain 0000 [bus 00-ff])
Sep  9 13:20:36 cu-cs-vm kernel: [    0.028070] acpi PNP0A03:00: _OSC: OS supports [ASPM ClockPM Segments MSI]
Sep  9 13:20:36 cu-cs-vm kernel: [    0.028650] acpi PNP0A03:00: _OSC: not requesting OS control; OS requires [ExtendedConfig ASPM ClockPM MSI]
Sep  9 13:20:36 cu-cs-vm kernel: [    0.028658] acpi PNP0A03:00: fail to add MMCONFIG information, can't access extended PCI configuration space under this bridge.
Sep  9 13:20:36 cu-cs-vm kernel: [    0.029056] PCI host bridge to bus 0000:00
Sep  9 13:20:36 cu-cs-vm kernel: [    0.029058] pci_bus 0000:00: root bus resource [io  0x0000-0x0cf7 window]
Sep  9 13:20:36 cu-cs-vm kernel: [    0.029060] pci_bus 0000:00: root bus resource [io  0x0d00-0xffff window]
Sep  9 13:20:36 cu-cs-vm kernel: [    0.029061] pci_bus 0000:00: root bus resource [mem 0x000a0000-0x000bffff window]
Sep  9 13:20:36 cu-cs-vm kernel: [    0.029062] pci_bus 0000:00: root bus resource [mem 0xe0000000-0xfdffffff window]
Sep  9 13:20:36 cu-cs-vm kernel: [    0.029063] pci_bus 0000:00: root bus resource [bus 00-ff]
Sep  9 13:20:36 cu-cs-vm kernel: [    0.029103] pci 0000:00:00.0: [8086:1237] type 00 class 0x060000
Sep  9 13:20:36 cu-cs-vm kernel: [    0.029673] pci 0000:00:01.0: [8086:7000] type 00 class 0x060100
Sep  9 13:20:36 cu-cs-vm kernel: [    0.030435] pci 0000:00:01.1: [8086:7111] type 00 class 0x01018a
Sep  9 13:20:36 cu-cs-vm kernel: [    0.030931] pci 0000:00:01.1: reg 0x20: [io  0xd000-0xd00f]
Sep  9 13:20:36 cu-cs-vm kernel: [    0.031099] pci 0000:00:01.1: legacy IDE quirk: reg 0x10: [io  0x01f0-0x01f7]
Sep  9 13:20:36 cu-cs-vm kernel: [    0.031100] pci 0000:00:01.1: legacy IDE quirk: reg 0x14: [io  0x03f6]
Sep  9 13:20:36 cu-cs-vm kernel: [    0.031101] pci 0000:00:01.1: legacy IDE quirk: reg 0x18: [io  0x0170-0x0177]
Sep  9 13:20:36 cu-cs-vm kernel: [    0.031102] pci 0000:00:01.1: legacy IDE quirk: reg 0x1c: [io  0x0376]
Sep  9 13:20:36 cu-cs-vm kernel: [    0.031325] pci 0000:00:02.0: [15ad:0405] type 00 class 0x030000
Sep  9 13:20:36 cu-cs-vm kernel: [    0.032266] pci 0000:00:02.0: reg 0x10: [io  0xd010-0xd01f]
Sep  9 13:20:36 cu-cs-vm kernel: [    0.034486] pci 0000:00:02.0: reg 0x14: [mem 0xf0000000-0xf0ffffff]
Sep  9 13:20:36 cu-cs-vm kernel: [    0.036265] pci 0000:00:02.0: reg 0x18: [mem 0xf1000000-0xf11fffff]
Sep  9 13:20:36 cu-cs-vm kernel: [    0.044544] pci 0000:00:03.0: [8086:100e] type 00 class 0x020000
Sep  9 13:20:36 cu-cs-vm kernel: [    0.048005] pci 0000:00:03.0: reg 0x10: [mem 0xf1200000-0xf121ffff]
Sep  9 13:20:36 cu-cs-vm kernel: [    0.051914] pci 0000:00:03.0: reg 0x18: [io  0xd020-0xd027]
Sep  9 13:20:36 cu-cs-vm kernel: [    0.060381] pci 0000:00:04.0: [80ee:cafe] type 00 class 0x088000
Sep  9 13:20:36 cu-cs-vm kernel: [    0.062246] pci 0000:00:04.0: reg 0x10: [io  0xd040-0xd05f]
Sep  9 13:20:36 cu-cs-vm kernel: [    0.064091] pci 0000:00:04.0: reg 0x14: [mem 0xf1400000-0xf17fffff]
Sep  9 13:20:36 cu-cs-vm kernel: [    0.065917] pci 0000:00:04.0: reg 0x18: [mem 0xf1800000-0xf1803fff pref]
Sep  9 13:20:36 cu-cs-vm kernel: [    0.072351] pci 0000:00:05.0: [8086:2415] type 00 class 0x040100
Sep  9 13:20:36 cu-cs-vm kernel: [    0.072498] pci 0000:00:05.0: reg 0x10: [io  0xd100-0xd1ff]
Sep  9 13:20:36 cu-cs-vm kernel: [    0.072649] pci 0000:00:05.0: reg 0x14: [io  0xd200-0xd23f]
Sep  9 13:20:36 cu-cs-vm kernel: [    0.073300] pci 0000:00:06.0: [106b:003f] type 00 class 0x0c0310
Sep  9 13:20:36 cu-cs-vm kernel: [    0.076074] pci 0000:00:06.0: reg 0x10: [mem 0xf1804000-0xf1804fff]
Sep  9 13:20:36 cu-cs-vm kernel: [    0.086140] pci 0000:00:07.0: [8086:7113] type 00 class 0x068000
Sep  9 13:20:36 cu-cs-vm kernel: [    0.086617] pci 0000:00:07.0: quirk: [io  0x4000-0x403f] claimed by PIIX4 ACPI
Sep  9 13:20:36 cu-cs-vm kernel: [    0.086628] pci 0000:00:07.0: quirk: [io  0x4100-0x410f] claimed by PIIX4 SMB
Sep  9 13:20:36 cu-cs-vm kernel: [    0.086910] pci 0000:00:0b.0: [8086:265c] type 00 class 0x0c0320
Sep  9 13:20:36 cu-cs-vm kernel: [    0.088069] pci 0000:00:0b.0: reg 0x10: [mem 0xf1805000-0xf1805fff]
Sep  9 13:20:36 cu-cs-vm kernel: [    0.098062] pci 0000:00:0d.0: [8086:2829] type 00 class 0x010601
Sep  9 13:20:36 cu-cs-vm kernel: [    0.100083] pci 0000:00:0d.0: reg 0x10: [io  0xd240-0xd247]
Sep  9 13:20:36 cu-cs-vm kernel: [    0.101708] pci 0000:00:0d.0: reg 0x14: [io  0xd248-0xd24b]
Sep  9 13:20:36 cu-cs-vm kernel: [    0.104005] pci 0000:00:0d.0: reg 0x18: [io  0xd250-0xd257]
Sep  9 13:20:36 cu-cs-vm kernel: [    0.105478] pci 0000:00:0d.0: reg 0x1c: [io  0xd258-0xd25b]
Sep  9 13:20:36 cu-cs-vm kernel: [    0.107120] pci 0000:00:0d.0: reg 0x20: [io  0xd260-0xd26f]
Sep  9 13:20:36 cu-cs-vm kernel: [    0.108081] pci 0000:00:0d.0: reg 0x24: [mem 0xf1806000-0xf1807fff]
Sep  9 13:20:36 cu-cs-vm kernel: [    0.112537] ACPI: PCI Interrupt Link [LNKA] (IRQs 5 9 10 *11)
Sep  9 13:20:36 cu-cs-vm kernel: [    0.112933] ACPI: PCI Interrupt Link [LNKB] (IRQs 5 9 *10 11)
Sep  9 13:20:36 cu-cs-vm kernel: [    0.113051] ACPI: PCI Interrupt Link [LNKC] (IRQs 5 *9 10 11)
Sep  9 13:20:36 cu-cs-vm kernel: [    0.113168] ACPI: PCI Interrupt Link [LNKD] (IRQs 5 9 10 *11)
Sep  9 13:20:36 cu-cs-vm kernel: [    0.113430] SCSI subsystem initialized
Sep  9 13:20:36 cu-cs-vm kernel: [    0.113461] libata version 3.00 loaded.
Sep  9 13:20:36 cu-cs-vm kernel: [    0.113499] pci 0000:00:02.0: vgaarb: setting as boot VGA device
Sep  9 13:20:36 cu-cs-vm kernel: [    0.113500] pci 0000:00:02.0: vgaarb: VGA device added: decodes=io+mem,owns=io+mem,locks=none
Sep  9 13:20:36 cu-cs-vm kernel: [    0.113502] pci 0000:00:02.0: vgaarb: bridge control possible
Sep  9 13:20:36 cu-cs-vm kernel: [    0.113503] vgaarb: loaded
Sep  9 13:20:36 cu-cs-vm kernel: [    0.113516] ACPI: bus type USB registered
Sep  9 13:20:36 cu-cs-vm kernel: [    0.113528] usbcore: registered new interface driver usbfs
Sep  9 13:20:36 cu-cs-vm kernel: [    0.113534] usbcore: registered new interface driver hub
Sep  9 13:20:36 cu-cs-vm kernel: [    0.113540] usbcore: registered new device driver usb
Sep  9 13:20:36 cu-cs-vm kernel: [    0.113574] EDAC MC: Ver: 3.0.0
Sep  9 13:20:36 cu-cs-vm kernel: [    0.113919] PCI: Using ACPI for IRQ routing
Sep  9 13:20:36 cu-cs-vm kernel: [    0.113920] PCI: pci_cache_line_size set to 64 bytes
Sep  9 13:20:36 cu-cs-vm kernel: [    0.114116] e820: reserve RAM buffer [mem 0x0009fc00-0x0009ffff]
Sep  9 13:20:36 cu-cs-vm kernel: [    0.114117] e820: reserve RAM buffer [mem 0xdfff0000-0xdfffffff]
Sep  9 13:20:36 cu-cs-vm kernel: [    0.114183] NetLabel: Initializing
Sep  9 13:20:36 cu-cs-vm kernel: [    0.114183] NetLabel:  domain hash size = 128
Sep  9 13:20:36 cu-cs-vm kernel: [    0.114184] NetLabel:  protocols = UNLABELED CIPSOv4 CALIPSO
Sep  9 13:20:36 cu-cs-vm kernel: [    0.114198] NetLabel:  unlabeled traffic allowed by default
Sep  9 13:20:36 cu-cs-vm kernel: [    0.114506] clocksource: Switched to clocksource kvm-clock
Sep  9 13:20:36 cu-cs-vm kernel: [    0.121226] VFS: Disk quotas dquot_6.6.0
Sep  9 13:20:36 cu-cs-vm kernel: [    0.121237] VFS: Dquot-cache hash table entries: 512 (order 0, 4096 bytes)
Sep  9 13:20:36 cu-cs-vm kernel: [    0.121310] AppArmor: AppArmor Filesystem Enabled
Sep  9 13:20:36 cu-cs-vm kernel: [    0.121327] pnp: PnP ACPI init
Sep  9 13:20:36 cu-cs-vm kernel: [    0.121384] pnp 00:00: Plug and Play ACPI device, IDs PNP0303 (active)
Sep  9 13:20:36 cu-cs-vm kernel: [    0.121448] pnp 00:01: Plug and Play ACPI device, IDs PNP0f03 (active)
Sep  9 13:20:36 cu-cs-vm kernel: [    0.122261] pnp: PnP ACPI: found 2 devices
Sep  9 13:20:36 cu-cs-vm kernel: [    0.127728] clocksource: acpi_pm: mask: 0xffffff max_cycles: 0xffffff, max_idle_ns: 2085701024 ns
Sep  9 13:20:36 cu-cs-vm kernel: [    0.127735] pci_bus 0000:00: resource 4 [io  0x0000-0x0cf7 window]
Sep  9 13:20:36 cu-cs-vm kernel: [    0.127736] pci_bus 0000:00: resource 5 [io  0x0d00-0xffff window]
Sep  9 13:20:36 cu-cs-vm kernel: [    0.127738] pci_bus 0000:00: resource 6 [mem 0x000a0000-0x000bffff window]
Sep  9 13:20:36 cu-cs-vm kernel: [    0.127739] pci_bus 0000:00: resource 7 [mem 0xe0000000-0xfdffffff window]
Sep  9 13:20:36 cu-cs-vm kernel: [    0.127839] NET: Registered protocol family 2
Sep  9 13:20:36 cu-cs-vm kernel: [    0.127976] TCP established hash table entries: 32768 (order: 6, 262144 bytes)
Sep  9 13:20:36 cu-cs-vm kernel: [    0.128013] TCP bind hash table entries: 32768 (order: 7, 524288 bytes)
Sep  9 13:20:36 cu-cs-vm kernel: [    0.128065] TCP: Hash tables configured (established 32768 bind 32768)
Sep  9 13:20:36 cu-cs-vm kernel: [    0.128081] UDP hash table entries: 2048 (order: 4, 65536 bytes)
Sep  9 13:20:36 cu-cs-vm kernel: [    0.128091] UDP-Lite hash table entries: 2048 (order: 4, 65536 bytes)
Sep  9 13:20:36 cu-cs-vm kernel: [    0.128118] NET: Registered protocol family 1
Sep  9 13:20:36 cu-cs-vm kernel: [    0.128125] pci 0000:00:00.0: Limiting direct PCI/PCI transfers
Sep  9 13:20:36 cu-cs-vm kernel: [    0.128163] pci 0000:00:01.0: Activating ISA DMA hang workarounds
Sep  9 13:20:36 cu-cs-vm kernel: [    0.128212] pci 0000:00:02.0: Video device with shadowed ROM at [mem 0x000c0000-0x000dffff]
Sep  9 13:20:36 cu-cs-vm kernel: [    0.131221] PCI: CLS 0 bytes, default 64
Sep  9 13:20:36 cu-cs-vm kernel: [    0.131248] Unpacking initramfs...
Sep  9 13:20:36 cu-cs-vm kernel: [    0.734163] Freeing initrd memory: 53400K
Sep  9 13:20:36 cu-cs-vm kernel: [    0.734414] platform rtc_cmos: registered platform RTC device (no PNP device found)
Sep  9 13:20:36 cu-cs-vm kernel: [    0.734430] Scanning for low memory corruption every 60 seconds
Sep  9 13:20:36 cu-cs-vm kernel: [    0.734791] Initialise system trusted keyrings
Sep  9 13:20:36 cu-cs-vm kernel: [    0.734798] Key type blacklist registered
Sep  9 13:20:36 cu-cs-vm kernel: [    0.734821] workingset: timestamp_bits=36 max_order=20 bucket_order=0
Sep  9 13:20:36 cu-cs-vm kernel: [    0.735809] zbud: loaded
Sep  9 13:20:36 cu-cs-vm kernel: [    0.736279] squashfs: version 4.0 (2009/01/31) Phillip Lougher
Sep  9 13:20:36 cu-cs-vm kernel: [    0.736364] fuse init (API version 7.26)
Sep  9 13:20:36 cu-cs-vm kernel: [    0.736961] Key type asymmetric registered
Sep  9 13:20:36 cu-cs-vm kernel: [    0.736961] Asymmetric key parser 'x509' registered
Sep  9 13:20:36 cu-cs-vm kernel: [    0.736982] Block layer SCSI generic (bsg) driver version 0.4 loaded (major 246)
Sep  9 13:20:36 cu-cs-vm kernel: [    0.736996] io scheduler noop registered
Sep  9 13:20:36 cu-cs-vm kernel: [    0.736997] io scheduler deadline registered
Sep  9 13:20:36 cu-cs-vm kernel: [    0.737029] io scheduler cfq registered (default)
Sep  9 13:20:36 cu-cs-vm kernel: [    0.737232] ACPI: AC Adapter [AC] (on-line)
Sep  9 13:20:36 cu-cs-vm kernel: [    0.737270] input: Power Button as /devices/LNXSYSTM:00/LNXPWRBN:00/input/input0
Sep  9 13:20:36 cu-cs-vm kernel: [    0.737281] ACPI: Power Button [PWRF]
Sep  9 13:20:36 cu-cs-vm kernel: [    0.737342] input: Sleep Button as /devices/LNXSYSTM:00/LNXSLPBN:00/input/input1
Sep  9 13:20:36 cu-cs-vm kernel: [    0.737347] ACPI: Sleep Button [SLPF]
Sep  9 13:20:36 cu-cs-vm kernel: [    0.738429] ACPI: Battery Slot [BAT0] (battery present)
Sep  9 13:20:36 cu-cs-vm kernel: [    0.738452] Serial: 8250/16550 driver, 32 ports, IRQ sharing enabled
Sep  9 13:20:36 cu-cs-vm kernel: [    0.739706] Linux agpgart interface v0.103
Sep  9 13:20:36 cu-cs-vm kernel: [    0.740613] loop: module loaded
Sep  9 13:20:36 cu-cs-vm kernel: [    0.740686] ata_piix 0000:00:01.1: version 2.13
Sep  9 13:20:36 cu-cs-vm kernel: [    0.740996] scsi host0: ata_piix
Sep  9 13:20:36 cu-cs-vm kernel: [    0.741057] scsi host1: ata_piix
Sep  9 13:20:36 cu-cs-vm kernel: [    0.741079] ata1: PATA max UDMA/33 cmd 0x1f0 ctl 0x3f6 bmdma 0xd000 irq 14
Sep  9 13:20:36 cu-cs-vm kernel: [    0.741080] ata2: PATA max UDMA/33 cmd 0x170 ctl 0x376 bmdma 0xd008 irq 15
Sep  9 13:20:36 cu-cs-vm kernel: [    0.741131] libphy: Fixed MDIO Bus: probed
Sep  9 13:20:36 cu-cs-vm kernel: [    0.741131] tun: Universal TUN/TAP device driver, 1.6
Sep  9 13:20:36 cu-cs-vm kernel: [    0.741403] PPP generic driver version 2.4.2
Sep  9 13:20:36 cu-cs-vm kernel: [    0.741431] ehci_hcd: USB 2.0 'Enhanced' Host Controller (EHCI) Driver
Sep  9 13:20:36 cu-cs-vm kernel: [    0.741433] ehci-pci: EHCI PCI platform driver
Sep  9 13:20:36 cu-cs-vm kernel: [    0.742202] ehci-pci 0000:00:0b.0: EHCI Host Controller
Sep  9 13:20:36 cu-cs-vm kernel: [    0.742206] ehci-pci 0000:00:0b.0: new USB bus registered, assigned bus number 1
Sep  9 13:20:36 cu-cs-vm kernel: [    0.742370] ehci-pci 0000:00:0b.0: irq 19, io mem 0xf1805000
Sep  9 13:20:36 cu-cs-vm kernel: [    0.756199] ehci-pci 0000:00:0b.0: USB 2.0 started, EHCI 1.00
Sep  9 13:20:36 cu-cs-vm kernel: [    0.756252] usb usb1: New USB device found, idVendor=1d6b, idProduct=0002
Sep  9 13:20:36 cu-cs-vm kernel: [    0.756253] usb usb1: New USB device strings: Mfr=3, Product=2, SerialNumber=1
Sep  9 13:20:36 cu-cs-vm kernel: [    0.756255] usb usb1: Product: EHCI Host Controller
Sep  9 13:20:36 cu-cs-vm kernel: [    0.756256] usb usb1: Manufacturer: Linux 4.15.0-33-generic ehci_hcd
Sep  9 13:20:36 cu-cs-vm kernel: [    0.756257] usb usb1: SerialNumber: 0000:00:0b.0
Sep  9 13:20:36 cu-cs-vm kernel: [    0.756350] hub 1-0:1.0: USB hub found
Sep  9 13:20:36 cu-cs-vm kernel: [    0.756354] hub 1-0:1.0: 12 ports detected
Sep  9 13:20:36 cu-cs-vm kernel: [    0.756530] ehci-platform: EHCI generic platform driver
Sep  9 13:20:36 cu-cs-vm kernel: [    0.756540] ohci_hcd: USB 1.1 'Open' Host Controller (OHCI) Driver
Sep  9 13:20:36 cu-cs-vm kernel: [    0.756542] ohci-pci: OHCI PCI platform driver
Sep  9 13:20:36 cu-cs-vm kernel: [    0.757374] ohci-pci 0000:00:06.0: OHCI PCI host controller
Sep  9 13:20:36 cu-cs-vm kernel: [    0.757378] ohci-pci 0000:00:06.0: new USB bus registered, assigned bus number 2
Sep  9 13:20:36 cu-cs-vm kernel: [    0.757431] ohci-pci 0000:00:06.0: irq 22, io mem 0xf1804000
Sep  9 13:20:36 cu-cs-vm kernel: [    0.816864] usb usb2: New USB device found, idVendor=1d6b, idProduct=0001
Sep  9 13:20:36 cu-cs-vm kernel: [    0.816868] usb usb2: New USB device strings: Mfr=3, Product=2, SerialNumber=1
Sep  9 13:20:36 cu-cs-vm kernel: [    0.816872] usb usb2: Product: OHCI PCI host controller
Sep  9 13:20:36 cu-cs-vm kernel: [    0.816875] usb usb2: Manufacturer: Linux 4.15.0-33-generic ohci_hcd
Sep  9 13:20:36 cu-cs-vm kernel: [    0.816878] usb usb2: SerialNumber: 0000:00:06.0
Sep  9 13:20:36 cu-cs-vm kernel: [    0.817080] hub 2-0:1.0: USB hub found
Sep  9 13:20:36 cu-cs-vm kernel: [    0.817107] hub 2-0:1.0: 12 ports detected
Sep  9 13:20:36 cu-cs-vm kernel: [    0.817943] ohci-platform: OHCI generic platform driver
Sep  9 13:20:36 cu-cs-vm kernel: [    0.817960] uhci_hcd: USB Universal Host Controller Interface driver
Sep  9 13:20:36 cu-cs-vm kernel: [    0.818052] i8042: PNP: PS/2 Controller [PNP0303:PS2K,PNP0f03:PS2M] at 0x60,0x64 irq 1,12
Sep  9 13:20:36 cu-cs-vm kernel: [    0.818873] serio: i8042 KBD port at 0x60,0x64 irq 1
Sep  9 13:20:36 cu-cs-vm kernel: [    0.818881] serio: i8042 AUX port at 0x60,0x64 irq 12
Sep  9 13:20:36 cu-cs-vm kernel: [    0.819060] mousedev: PS/2 mouse device common for all mice
Sep  9 13:20:36 cu-cs-vm kernel: [    0.819571] input: AT Translated Set 2 keyboard as /devices/platform/i8042/serio0/input/input2
Sep  9 13:20:36 cu-cs-vm kernel: [    0.820373] rtc_cmos rtc_cmos: rtc core: registered rtc_cmos as rtc0
Sep  9 13:20:36 cu-cs-vm kernel: [    0.820496] rtc_cmos rtc_cmos: alarms up to one day, 114 bytes nvram
Sep  9 13:20:36 cu-cs-vm kernel: [    0.820510] i2c /dev entries driver
Sep  9 13:20:36 cu-cs-vm kernel: [    0.820601] device-mapper: uevent: version 1.0.3
Sep  9 13:20:36 cu-cs-vm kernel: [    0.820701] device-mapper: ioctl: 4.37.0-ioctl (2017-09-20) initialised: dm-devel@redhat.com
Sep  9 13:20:36 cu-cs-vm kernel: [    0.820716] ledtrig-cpu: registered to indicate activity on CPUs
Sep  9 13:20:36 cu-cs-vm kernel: [    0.820933] intel_pmc_core:  initialized
Sep  9 13:20:36 cu-cs-vm kernel: [    0.821374] NET: Registered protocol family 10
Sep  9 13:20:36 cu-cs-vm kernel: [    0.828512] Segment Routing with IPv6
Sep  9 13:20:36 cu-cs-vm kernel: [    0.828552] NET: Registered protocol family 17
Sep  9 13:20:36 cu-cs-vm kernel: [    0.828605] Key type dns_resolver registered
Sep  9 13:20:36 cu-cs-vm kernel: [    0.828786] RAS: Correctable Errors collector initialized.
Sep  9 13:20:36 cu-cs-vm kernel: [    0.828798] sched_clock: Marking stable (828057681, 0)->(1018060062, -190002381)
Sep  9 13:20:36 cu-cs-vm kernel: [    0.828999] registered taskstats version 1
Sep  9 13:20:36 cu-cs-vm kernel: [    0.829014] Loading compiled-in X.509 certificates
Sep  9 13:20:36 cu-cs-vm kernel: [    0.833155] Loaded X.509 cert 'Build time autogenerated kernel key: d918b280ed158d77154089242222928ec1ab43e6'
Sep  9 13:20:36 cu-cs-vm kernel: [    0.833179] zswap: loaded using pool lzo/zbud
Sep  9 13:20:36 cu-cs-vm kernel: [    0.838791] Key type big_key registered
Sep  9 13:20:36 cu-cs-vm kernel: [    0.838797] Key type trusted registered
Sep  9 13:20:36 cu-cs-vm kernel: [    0.841746] Key type encrypted registered
Sep  9 13:20:36 cu-cs-vm kernel: [    0.841750] AppArmor: AppArmor sha1 policy hashing enabled
Sep  9 13:20:36 cu-cs-vm kernel: [    0.841754] ima: No TPM chip found, activating TPM-bypass! (rc=-19)
Sep  9 13:20:36 cu-cs-vm kernel: [    0.841783] evm: HMAC attrs: 0x1
Sep  9 13:20:36 cu-cs-vm kernel: [    0.842363]   Magic number: 3:980:343
Sep  9 13:20:36 cu-cs-vm kernel: [    0.842388] tty tty60: hash matches
Sep  9 13:20:36 cu-cs-vm kernel: [    0.842486] rtc_cmos rtc_cmos: setting system clock to 2019-09-09 19:20:18 UTC (1568056818)
Sep  9 13:20:36 cu-cs-vm kernel: [    0.842594] BIOS EDD facility v0.16 2004-Jun-25, 0 devices found
Sep  9 13:20:36 cu-cs-vm kernel: [    0.842595] EDD information not available.
Sep  9 13:20:36 cu-cs-vm kernel: [    0.900335] ata2.00: ATAPI: VBOX CD-ROM, 1.0, max UDMA/133
Sep  9 13:20:36 cu-cs-vm kernel: [    0.900756] ata2.00: configured for UDMA/33
Sep  9 13:20:36 cu-cs-vm kernel: [    0.901394] scsi 1:0:0:0: CD-ROM            VBOX     CD-ROM           1.0  PQ: 0 ANSI: 5
Sep  9 13:20:36 cu-cs-vm kernel: [    0.924717] sr 1:0:0:0: [sr0] scsi3-mmc drive: 32x/32x xa/form2 tray
Sep  9 13:20:36 cu-cs-vm kernel: [    0.924719] cdrom: Uniform CD-ROM driver Revision: 3.20
Sep  9 13:20:36 cu-cs-vm kernel: [    0.924847] sr 1:0:0:0: Attached scsi CD-ROM sr0
Sep  9 13:20:36 cu-cs-vm kernel: [    0.924993] sr 1:0:0:0: Attached scsi generic sg0 type 5
Sep  9 13:20:36 cu-cs-vm kernel: [    0.927478] Freeing unused kernel memory: 2404K
Sep  9 13:20:36 cu-cs-vm kernel: [    0.936898] Write protecting the kernel read-only data: 20480k
Sep  9 13:20:36 cu-cs-vm kernel: [    0.937326] Freeing unused kernel memory: 2008K
Sep  9 13:20:36 cu-cs-vm kernel: [    0.941478] Freeing unused kernel memory: 1892K
Sep  9 13:20:36 cu-cs-vm kernel: [    0.949703] x86/mm: Checked W+X mappings: passed, no W+X pages found.
Sep  9 13:20:36 cu-cs-vm kernel: [    0.949703] x86/mm: Checking user space page tables
Sep  9 13:20:36 cu-cs-vm kernel: [    0.957768] x86/mm: Checked W+X mappings: passed, no W+X pages found.
Sep  9 13:20:36 cu-cs-vm kernel: [    0.965798] random: udevadm: uninitialized urandom read (16 bytes read)
Sep  9 13:20:36 cu-cs-vm kernel: [    0.965875] random: udevadm: uninitialized urandom read (16 bytes read)
Sep  9 13:20:36 cu-cs-vm kernel: [    0.969209] random: systemd-udevd: uninitialized urandom read (16 bytes read)
Sep  9 13:20:36 cu-cs-vm kernel: [    1.037302] ACPI: Video Device [GFX0] (multi-head: yes  rom: no  post: no)
Sep  9 13:20:36 cu-cs-vm kernel: [    1.037379] input: Video Bus as /devices/LNXSYSTM:00/LNXSYBUS:00/PNP0A03:00/LNXVIDEO:00/input/input4
Sep  9 13:20:36 cu-cs-vm kernel: [    1.050393] e1000: Intel(R) PRO/1000 Network Driver - version 7.3.21-k8-NAPI
Sep  9 13:20:36 cu-cs-vm kernel: [    1.050394] e1000: Copyright (c) 1999-2006 Intel Corporation.
Sep  9 13:20:36 cu-cs-vm kernel: [    1.255501] usb 2-1: new full-speed USB device number 2 using ohci-pci
Sep  9 13:20:36 cu-cs-vm kernel: [    1.265863] input: ImExPS/2 Generic Explorer Mouse as /devices/platform/i8042/serio1/input/input5
Sep  9 13:20:36 cu-cs-vm kernel: [    1.460792] e1000 0000:00:03.0 eth0: (PCI:33MHz:32-bit) 08:00:27:b1:ec:a3
Sep  9 13:20:36 cu-cs-vm kernel: [    1.460799] e1000 0000:00:03.0 eth0: Intel(R) PRO/1000 Network Connection
Sep  9 13:20:36 cu-cs-vm kernel: [    1.460871] ahci 0000:00:0d.0: version 3.0
Sep  9 13:20:36 cu-cs-vm kernel: [    1.462352] ahci 0000:00:0d.0: SSS flag set, parallel bus scan disabled
Sep  9 13:20:36 cu-cs-vm kernel: [    1.462598] ahci 0000:00:0d.0: AHCI 0001.0100 32 slots 1 ports 3 Gbps 0x1 impl SATA mode
Sep  9 13:20:36 cu-cs-vm kernel: [    1.462602] ahci 0000:00:0d.0: flags: 64bit ncq stag only ccc 
Sep  9 13:20:36 cu-cs-vm kernel: [    1.464733] e1000 0000:00:03.0 enp0s3: renamed from eth0
Sep  9 13:20:36 cu-cs-vm kernel: [    1.466548] scsi host2: ahci
Sep  9 13:20:36 cu-cs-vm kernel: [    1.466790] ata3: SATA max UDMA/133 abar m8192@0xf1806000 port 0xf1806100 irq 21
Sep  9 13:20:36 cu-cs-vm kernel: [    1.468812] [drm] DMA map mode: Using physical TTM page addresses.
Sep  9 13:20:36 cu-cs-vm kernel: [    1.468885] [drm] Capabilities:
Sep  9 13:20:36 cu-cs-vm kernel: [    1.468886] [drm]   Cursor.
Sep  9 13:20:36 cu-cs-vm kernel: [    1.468887] [drm]   Cursor bypass 2.
Sep  9 13:20:36 cu-cs-vm kernel: [    1.468888] [drm]   Alpha cursor.
Sep  9 13:20:36 cu-cs-vm kernel: [    1.468888] [drm]   3D.
Sep  9 13:20:36 cu-cs-vm kernel: [    1.468889] [drm]   Extended Fifo.
Sep  9 13:20:36 cu-cs-vm kernel: [    1.468890] [drm]   Pitchlock.
Sep  9 13:20:36 cu-cs-vm kernel: [    1.468891] [drm]   Irq mask.
Sep  9 13:20:36 cu-cs-vm kernel: [    1.468891] [drm]   GMR.
Sep  9 13:20:36 cu-cs-vm kernel: [    1.468892] [drm]   Traces.
Sep  9 13:20:36 cu-cs-vm kernel: [    1.468893] [drm]   GMR2.
Sep  9 13:20:36 cu-cs-vm kernel: [    1.468894] [drm]   Screen Object 2.
Sep  9 13:20:36 cu-cs-vm kernel: [    1.468895] [drm] Max GMR ids is 8192
Sep  9 13:20:36 cu-cs-vm kernel: [    1.468896] [drm] Max number of GMR pages is 1048576
Sep  9 13:20:36 cu-cs-vm kernel: [    1.468897] [drm] Max dedicated hypervisor surface memory is 507904 kiB
Sep  9 13:20:36 cu-cs-vm kernel: [    1.468898] [drm] Maximum display memory size is 16384 kiB
Sep  9 13:20:36 cu-cs-vm kernel: [    1.468900] [drm] VRAM at 0xf0000000 size is 16384 kiB
Sep  9 13:20:36 cu-cs-vm kernel: [    1.468901] [drm] MMIO at 0xf1000000 size is 2048 kiB
Sep  9 13:20:36 cu-cs-vm kernel: [    1.468903] [drm] global init.
Sep  9 13:20:36 cu-cs-vm kernel: [    1.469326] [TTM] Zone  kernel: Available graphics memory: 1794798 kiB
Sep  9 13:20:36 cu-cs-vm kernel: [    1.469327] [TTM] Initializing pool allocator
Sep  9 13:20:36 cu-cs-vm kernel: [    1.469332] [TTM] Initializing DMA pool allocator
Sep  9 13:20:36 cu-cs-vm kernel: [    1.469526] [drm] Supports vblank timestamp caching Rev 2 (21.10.2013).
Sep  9 13:20:36 cu-cs-vm kernel: [    1.469527] [drm] No driver support for vblank timestamp query.
Sep  9 13:20:36 cu-cs-vm kernel: [    1.469920] [drm] Screen Objects Display Unit initialized
Sep  9 13:20:36 cu-cs-vm kernel: [    1.470013] [drm] width 720
Sep  9 13:20:36 cu-cs-vm kernel: [    1.470033] [drm] height 400
Sep  9 13:20:36 cu-cs-vm kernel: [    1.470052] [drm] bpp 32
Sep  9 13:20:36 cu-cs-vm kernel: [    1.470349] [drm] Fifo max 0x00200000 min 0x00001000 cap 0x00000355
Sep  9 13:20:36 cu-cs-vm kernel: [    1.470360] [drm] DX: no.
Sep  9 13:20:36 cu-cs-vm kernel: [    1.470361] [drm] Atomic: yes
Sep  9 13:20:36 cu-cs-vm kernel: [    1.470401] [drm:vmw_host_log [vmwgfx]] *ERROR* Failed to send log
Sep  9 13:20:36 cu-cs-vm kernel: [    1.471843] [drm:vmw_host_log [vmwgfx]] *ERROR* Failed to send log
Sep  9 13:20:36 cu-cs-vm kernel: [    1.475638] fbcon: svgadrmfb (fb0) is primary device
Sep  9 13:20:36 cu-cs-vm kernel: [    1.477345] Console: switching to colour frame buffer device 100x37
Sep  9 13:20:36 cu-cs-vm kernel: [    1.478057] [drm] Initialized vmwgfx 2.14.0 20170612 for 0000:00:02.0 on minor 0
Sep  9 13:20:36 cu-cs-vm kernel: [    1.596882] usb 2-1: New USB device found, idVendor=80ee, idProduct=0021
Sep  9 13:20:36 cu-cs-vm kernel: [    1.596886] usb 2-1: New USB device strings: Mfr=1, Product=3, SerialNumber=0
Sep  9 13:20:36 cu-cs-vm kernel: [    1.596889] usb 2-1: Product: USB Tablet
Sep  9 13:20:36 cu-cs-vm kernel: [    1.596892] usb 2-1: Manufacturer: VirtualBox
Sep  9 13:20:36 cu-cs-vm kernel: [    1.611551] hidraw: raw HID events driver (C) Jiri Kosina
Sep  9 13:20:36 cu-cs-vm kernel: [    1.628482] usbcore: registered new interface driver usbhid
Sep  9 13:20:36 cu-cs-vm kernel: [    1.628485] usbhid: USB HID core driver
Sep  9 13:20:36 cu-cs-vm kernel: [    1.631343] input: VirtualBox USB Tablet as /devices/pci0000:00/0000:00:06.0/usb2/2-1/2-1:1.0/0003:80EE:0021.0001/input/input6
Sep  9 13:20:36 cu-cs-vm kernel: [    1.631840] hid-generic 0003:80EE:0021.0001: input,hidraw0: USB HID v1.10 Mouse [VirtualBox USB Tablet] on usb-0000:00:06.0-1/input0
Sep  9 13:20:36 cu-cs-vm kernel: [    1.695367] random: fast init done
Sep  9 13:20:36 cu-cs-vm kernel: [    1.760706] tsc: Refined TSC clocksource calibration: 2808.328 MHz
Sep  9 13:20:36 cu-cs-vm kernel: [    1.760712] clocksource: tsc: mask: 0xffffffffffffffff max_cycles: 0x287afbf3ea4, max_idle_ns: 440795252914 ns
Sep  9 13:20:36 cu-cs-vm kernel: [    1.783878] ata3: SATA link up 3.0 Gbps (SStatus 123 SControl 300)
Sep  9 13:20:36 cu-cs-vm kernel: [    1.784236] ata3.00: ATA-6: VBOX HARDDISK, 1.0, max UDMA/133
Sep  9 13:20:36 cu-cs-vm kernel: [    1.784240] ata3.00: 134217728 sectors, multi 128: LBA48 NCQ (depth 31/32)
Sep  9 13:20:36 cu-cs-vm kernel: [    1.784726] ata3.00: configured for UDMA/133
Sep  9 13:20:36 cu-cs-vm kernel: [    1.785006] scsi 2:0:0:0: Direct-Access     ATA      VBOX HARDDISK    1.0  PQ: 0 ANSI: 5
Sep  9 13:20:36 cu-cs-vm kernel: [    1.785347] sd 2:0:0:0: [sda] 134217728 512-byte logical blocks: (68.7 GB/64.0 GiB)
Sep  9 13:20:36 cu-cs-vm kernel: [    1.785361] sd 2:0:0:0: [sda] Write Protect is off
Sep  9 13:20:36 cu-cs-vm kernel: [    1.785365] sd 2:0:0:0: [sda] Mode Sense: 00 3a 00 00
Sep  9 13:20:36 cu-cs-vm kernel: [    1.785386] sd 2:0:0:0: [sda] Write cache: enabled, read cache: enabled, doesn't support DPO or FUA
Sep  9 13:20:36 cu-cs-vm kernel: [    1.785758] sd 2:0:0:0: Attached scsi generic sg1 type 0
Sep  9 13:20:36 cu-cs-vm kernel: [    1.879952]  sda: sda1 sda2 < sda5 >
Sep  9 13:20:36 cu-cs-vm kernel: [    1.880575] sd 2:0:0:0: [sda] Attached SCSI disk
Sep  9 13:20:36 cu-cs-vm kernel: [    2.079815] EXT4-fs (sda1): mounted filesystem with ordered data mode. Opts: (null)
Sep  9 13:20:36 cu-cs-vm kernel: [    4.167703] random: crng init done
Sep  9 13:20:36 cu-cs-vm kernel: [    4.167706] random: 7 urandom warning(s) missed due to ratelimiting
Sep  9 13:20:36 cu-cs-vm kernel: [    6.105768] lp: driver loaded but no devices found
Sep  9 13:20:36 cu-cs-vm kernel: [    6.175318] ppdev: user-space parallel port driver
Sep  9 13:20:36 cu-cs-vm kernel: [    8.266321] EXT4-fs (sda1): re-mounted. Opts: errors=remount-ro
Sep  9 13:20:36 cu-cs-vm kernel: [   10.115306] vgdrvHeartbeatInit: Setting up heartbeat to trigger every 2000 milliseconds
Sep  9 13:20:36 cu-cs-vm kernel: [   10.115482] input: Unspecified device as /devices/pci0000:00/0000:00:04.0/input/input7
Sep  9 13:20:36 cu-cs-vm kernel: [   10.117476] vboxguest: misc device minor 55, IRQ 20, I/O port d040, MMIO at 00000000f1400000 (size 0x400000)
Sep  9 13:20:36 cu-cs-vm kernel: [   10.117477] vboxguest: Successfully loaded version 5.2.8_KernelUbuntu (interface 0x00010004)
Sep  9 13:20:36 cu-cs-vm kernel: [   10.839472] piix4_smbus 0000:00:07.0: SMBus Host Controller at 0x4100, revision 0
Sep  9 13:20:36 cu-cs-vm kernel: [   12.551643] RAPL PMU: API unit is 2^-32 Joules, 5 fixed counters, 10737418240 ms ovfl timer
Sep  9 13:20:36 cu-cs-vm kernel: [   12.551644] RAPL PMU: hw unit of domain pp0-core 2^-0 Joules
Sep  9 13:20:36 cu-cs-vm kernel: [   12.551645] RAPL PMU: hw unit of domain package 2^-0 Joules
Sep  9 13:20:36 cu-cs-vm kernel: [   12.551645] RAPL PMU: hw unit of domain dram 2^-0 Joules
Sep  9 13:20:36 cu-cs-vm kernel: [   12.551646] RAPL PMU: hw unit of domain pp1-gpu 2^-0 Joules
Sep  9 13:20:36 cu-cs-vm kernel: [   12.551646] RAPL PMU: hw unit of domain psys 2^-0 Joules
Sep  9 13:20:36 cu-cs-vm kernel: [   13.165982] AVX2 version of gcm_enc/dec engaged.
Sep  9 13:20:36 cu-cs-vm kernel: [   13.165983] AES CTR mode by8 optimization enabled
Sep  9 13:20:36 cu-cs-vm kernel: [   13.261558] snd_intel8x0 0000:00:05.0: white list rate for 1028:0177 is 48000
Sep  9 13:20:36 cu-cs-vm kernel: [   15.082961] Adding 998396k swap on /dev/sda5.  Priority:-2 extents:1 across:998396k FS
Sep  9 13:20:36 cu-cs-vm kernel: [   15.524525] audit: type=1400 audit(1568056833.180:2): apparmor="STATUS" operation="profile_load" profile="unconfined" name="/usr/lib/lightdm/lightdm-guest-session" pid=582 comm="apparmor_parser"
Sep  9 13:20:36 cu-cs-vm kernel: [   15.524528] audit: type=1400 audit(1568056833.180:3): apparmor="STATUS" operation="profile_load" profile="unconfined" name="/usr/lib/lightdm/lightdm-guest-session//chromium" pid=582 comm="apparmor_parser"
Sep  9 13:20:36 cu-cs-vm kernel: [   15.563942] audit: type=1400 audit(1568056833.216:4): apparmor="STATUS" operation="profile_load" profile="unconfined" name="/sbin/dhclient" pid=583 comm="apparmor_parser"
Sep  9 13:20:36 cu-cs-vm kernel: [   15.563945] audit: type=1400 audit(1568056833.216:5): apparmor="STATUS" operation="profile_load" profile="unconfined" name="/usr/lib/NetworkManager/nm-dhcp-client.action" pid=583 comm="apparmor_parser"
Sep  9 13:20:36 cu-cs-vm kernel: [   15.563947] audit: type=1400 audit(1568056833.216:6): apparmor="STATUS" operation="profile_load" profile="unconfined" name="/usr/lib/NetworkManager/nm-dhcp-helper" pid=583 comm="apparmor_parser"
Sep  9 13:20:36 cu-cs-vm kernel: [   15.563949] audit: type=1400 audit(1568056833.216:7): apparmor="STATUS" operation="profile_load" profile="unconfined" name="/usr/lib/connman/scripts/dhclient-script" pid=583 comm="apparmor_parser"
Sep  9 13:20:36 cu-cs-vm kernel: [   15.605005] audit: type=1400 audit(1568056833.260:8): apparmor="STATUS" operation="profile_load" profile="unconfined" name="/usr/bin/evince" pid=584 comm="apparmor_parser"
Sep  9 13:20:36 cu-cs-vm kernel: [   15.605008] audit: type=1400 audit(1568056833.260:9): apparmor="STATUS" operation="profile_load" profile="unconfined" name="/usr/bin/evince//sanitized_helper" pid=584 comm="apparmor_parser"
Sep  9 13:20:36 cu-cs-vm kernel: [   15.605011] audit: type=1400 audit(1568056833.260:10): apparmor="STATUS" operation="profile_load" profile="unconfined" name="/usr/bin/evince-previewer" pid=584 comm="apparmor_parser"
Sep  9 13:20:36 cu-cs-vm kernel: [   15.605013] audit: type=1400 audit(1568056833.260:11): apparmor="STATUS" operation="profile_load" profile="unconfined" name="/usr/bin/evince-previewer//sanitized_helper" pid=584 comm="apparmor_parser"
Sep  9 13:20:36 cu-cs-vm systemd-modules-load[230]: Inserted module 'lp'
Sep  9 13:20:36 cu-cs-vm systemd-modules-load[230]: Inserted module 'ppdev'
Sep  9 13:20:36 cu-cs-vm systemd-modules-load[230]: Inserted module 'parport_pc'
Sep  9 13:20:36 cu-cs-vm systemd-modules-load[230]: Module 'fuse' is builtin
Sep  9 13:20:36 cu-cs-vm systemd[1]: Started Create Static Device Nodes in /dev.
Sep  9 13:20:36 cu-cs-vm systemd[1]: Starting udev Kernel Device Manager...
Sep  9 13:20:36 cu-cs-vm systemd[1]: Mounted FUSE Control File System.
Sep  9 13:20:36 cu-cs-vm systemd[1]: Mounted POSIX Message Queue File System.
Sep  9 13:20:36 cu-cs-vm systemd[1]: Mounted Debug File System.
Sep  9 13:20:36 cu-cs-vm systemd[1]: Mounted Configuration File System.
Sep  9 13:20:36 cu-cs-vm systemd[1]: Mounted Huge Pages File System.
Sep  9 13:20:36 cu-cs-vm systemd[1]: Started Apply Kernel Variables.
Sep  9 13:20:36 cu-cs-vm systemd[1]: Started Nameserver information manager.
Sep  9 13:20:36 cu-cs-vm systemd[1]: Reached target Network (Pre).
Sep  9 13:20:36 cu-cs-vm loadkeys[223]: Loading /etc/console-setup/cached.kmap.gz
Sep  9 13:20:36 cu-cs-vm systemd[1]: Started Set console keymap.
Sep  9 13:20:36 cu-cs-vm systemd[1]: Started udev Kernel Device Manager.
Sep  9 13:20:36 cu-cs-vm systemd[1]: Starting Remount Root and Kernel File Systems...
Sep  9 13:20:36 cu-cs-vm systemd[1]: Started Remount Root and Kernel File Systems.
Sep  9 13:20:36 cu-cs-vm systemd[1]: Starting Load/Save Random Seed...
Sep  9 13:20:36 cu-cs-vm systemd[1]: Starting Flush Journal to Persistent Storage...
Sep  9 13:20:36 cu-cs-vm systemd[1]: Starting udev Coldplug all Devices...
Sep  9 13:20:36 cu-cs-vm systemd[1]: Reached target Local File Systems (Pre).
Sep  9 13:20:36 cu-cs-vm systemd[1]: Reached target Local File Systems.
Sep  9 13:20:36 cu-cs-vm systemd[1]: Starting Enable support for additional executable binary formats...
Sep  9 13:20:36 cu-cs-vm systemd[1]: Starting Tell Plymouth To Write Out Runtime Data...
Sep  9 13:20:36 cu-cs-vm systemd[1]: Starting Set console font and keymap...
Sep  9 13:20:36 cu-cs-vm systemd[1]: Starting LSB: AppArmor initialization...
Sep  9 13:20:36 cu-cs-vm systemd[1]: Started Tell Plymouth To Write Out Runtime Data.
Sep  9 13:20:36 cu-cs-vm systemd[1]: Started udev Coldplug all Devices.
Sep  9 13:20:36 cu-cs-vm systemd[1]: Starting Show Plymouth Boot Screen...
Sep  9 13:20:36 cu-cs-vm systemd[1]: Started Flush Journal to Persistent Storage.
Sep  9 13:20:36 cu-cs-vm systemd[1]: Starting Create Volatile Files and Directories...
Sep  9 13:20:36 cu-cs-vm systemd-tmpfiles[310]: [/usr/lib/tmpfiles.d/var.conf:14] Duplicate line for path "/var/log", ignoring.
Sep  9 13:20:36 cu-cs-vm systemd[1]: proc-sys-fs-binfmt_misc.automount: Got automount request for /proc/sys/fs/binfmt_misc, triggered by 285 (update-binfmts)
Sep  9 13:20:36 cu-cs-vm systemd[1]: Mounting Arbitrary Executable File Formats File System...
Sep  9 13:20:36 cu-cs-vm systemd[1]: Started Load/Save Random Seed.
Sep  9 13:20:36 cu-cs-vm systemd[1]: Mounted Arbitrary Executable File Formats File System.
Sep  9 13:20:36 cu-cs-vm systemd[1]: Started Create Volatile Files and Directories.
Sep  9 13:20:36 cu-cs-vm systemd[1]: Starting Network Time Synchronization...
Sep  9 13:20:36 cu-cs-vm systemd[1]: Starting Update UTMP about System Boot/Shutdown...
Sep  9 13:20:36 cu-cs-vm systemd[1]: Started Enable support for additional executable binary formats.
Sep  9 13:20:36 cu-cs-vm systemd[1]: Started Show Plymouth Boot Screen.
Sep  9 13:20:36 cu-cs-vm systemd[1]: Started Forward Password Requests to Plymouth Directory Watch.
Sep  9 13:20:36 cu-cs-vm systemd[1]: Started Update UTMP about System Boot/Shutdown.
Sep  9 13:20:36 cu-cs-vm systemd[1]: Started Network Time Synchronization.
Sep  9 13:20:36 cu-cs-vm systemd[1]: Reached target System Time Synchronized.
Sep  9 13:20:36 cu-cs-vm mtp-probe: checking bus 2, device 2: "/sys/devices/pci0000:00/0000:00:06.0/usb2/2-1"
Sep  9 13:20:36 cu-cs-vm mtp-probe: bus: 2, device: 2 was not an MTP device
Sep  9 13:20:36 cu-cs-vm systemd[1]: Started Set console font and keymap.
Sep  9 13:20:36 cu-cs-vm systemd[1]: Created slice system-getty.slice.
Sep  9 13:20:36 cu-cs-vm systemd[1]: Received SIGRTMIN+20 from PID 343 (plymouthd).
Sep  9 13:20:36 cu-cs-vm apparmor[288]:  * Starting AppArmor profiles
Sep  9 13:20:36 cu-cs-vm systemd[1]: Reached target Sound Card.
Sep  9 13:20:36 cu-cs-vm systemd[1]: Listening on Load/Save RF Kill Switch Status /dev/rfkill Watch.
Sep  9 13:20:36 cu-cs-vm systemd[1]: Found device VBOX_HARDDISK 5.
Sep  9 13:20:36 cu-cs-vm systemd[1]: Activating swap /dev/disk/by-uuid/4f6f25d8-6004-459b-b46c-f0f3c3d0de9b...
Sep  9 13:20:36 cu-cs-vm systemd[1]: Activated swap /dev/disk/by-uuid/4f6f25d8-6004-459b-b46c-f0f3c3d0de9b.
Sep  9 13:20:36 cu-cs-vm systemd[1]: Reached target Swap.
Sep  9 13:20:36 cu-cs-vm apparmor[288]: Skipping profile in /etc/apparmor.d/disable: usr.bin.firefox
Sep  9 13:20:36 cu-cs-vm apparmor[288]: Skipping profile in /etc/apparmor.d/disable: usr.sbin.rsyslogd
Sep  9 13:20:36 cu-cs-vm apparmor[288]:    ...done.
Sep  9 13:20:36 cu-cs-vm systemd[1]: Started LSB: AppArmor initialization.
Sep  9 13:20:36 cu-cs-vm systemd[1]: Starting Raise network interfaces...
Sep  9 13:20:36 cu-cs-vm systemd[1]: Reached target System Initialization.
Sep  9 13:20:36 cu-cs-vm systemd[1]: Listening on D-Bus System Message Bus Socket.
Sep  9 13:20:36 cu-cs-vm systemd[1]: Started ACPI Events Check.
Sep  9 13:20:36 cu-cs-vm systemd[1]: Listening on Avahi mDNS/DNS-SD Stack Activation Socket.
Sep  9 13:20:36 cu-cs-vm systemd[1]: Started Daily Cleanup of Temporary Directories.
Sep  9 13:20:36 cu-cs-vm systemd[1]: Listening on CUPS Scheduler.
Sep  9 13:20:36 cu-cs-vm systemd[1]: Starting Socket activation for snappy daemon.
Sep  9 13:20:36 cu-cs-vm systemd[1]: Started Daily apt download activities.
Sep  9 13:20:36 cu-cs-vm systemd[1]: Listening on UUID daemon activation socket.
Sep  9 13:20:36 cu-cs-vm systemd[1]: Started CUPS Scheduler.
Sep  9 13:20:36 cu-cs-vm systemd[1]: Reached target Paths.
Sep  9 13:20:36 cu-cs-vm systemd[1]: Started Daily apt upgrade and clean activities.
Sep  9 13:20:36 cu-cs-vm systemd[1]: Reached target Timers.
Sep  9 13:20:36 cu-cs-vm systemd[1]: Listening on ACPID Listen Socket.
Sep  9 13:20:36 cu-cs-vm systemd[1]: Listening on Socket activation for snappy daemon.
Sep  9 13:20:36 cu-cs-vm systemd[1]: Reached target Sockets.
Sep  9 13:20:36 cu-cs-vm systemd[1]: Reached target Basic System.
Sep  9 13:20:36 cu-cs-vm systemd[1]: Starting LSB: Set the CPU Frequency Scaling governor to "ondemand"...
Sep  9 13:20:36 cu-cs-vm systemd[1]: Starting LSB: automatic crash report generation...
Sep  9 13:20:36 cu-cs-vm systemd[1]: Starting Save/Restore Sound Card State...
Sep  9 13:20:36 cu-cs-vm systemd[1]: Starting Accounts Service...
Sep  9 13:20:36 cu-cs-vm systemd[1]: Started ACPI event daemon.
Sep  9 13:20:36 cu-cs-vm systemd[1]: Starting Permit User Sessions...
Sep  9 13:20:36 cu-cs-vm systemd[1]: Started uptime record daemon.
Sep  9 13:20:36 cu-cs-vm systemd[1]: Starting Snappy daemon...
Sep  9 13:20:36 cu-cs-vm systemd[1]: Starting Initialize hardware monitoring sensors...
Sep  9 13:20:36 cu-cs-vm systemd[1]: Starting Restore /etc/resolv.conf if the system crashed before the ppp link was shut down...
Sep  9 13:20:36 cu-cs-vm systemd[1]: Started CUPS Scheduler.
Sep  9 13:20:36 cu-cs-vm systemd[1]: Starting LSB: daemon to balance interrupts for SMP systems...
Sep  9 13:20:36 cu-cs-vm systemd[1]: Starting Login Service...
Sep  9 13:20:36 cu-cs-vm systemd[1]: Starting System Logging Service...
Sep  9 13:20:36 cu-cs-vm systemd[1]: Started Run anacron jobs.
Sep  9 13:20:36 cu-cs-vm anacron[644]: Anacron 2.3 started on 2019-09-09
Sep  9 13:20:36 cu-cs-vm acpid: starting up with netlink and the input layer
Sep  9 13:20:36 cu-cs-vm systemd[1]: Started Regular background program processing daemon.
Sep  9 13:20:36 cu-cs-vm anacron[644]: Will run job `cron.weekly' in 10 min.
Sep  9 13:20:36 cu-cs-vm systemd[1]: Starting LSB: Record successful boot for GRUB...
Sep  9 13:20:36 cu-cs-vm anacron[644]: Will run job `cron.monthly' in 15 min.
Sep  9 13:20:36 cu-cs-vm anacron[644]: Jobs will be executed sequentially
Sep  9 13:20:36 cu-cs-vm systemd[1]: Started D-Bus System Message Bus.
Sep  9 13:20:36 cu-cs-vm cron[657]: (CRON) INFO (pidfile fd = 3)
Sep  9 13:20:36 cu-cs-vm sensors[637]: No sensors found!
Sep  9 13:20:36 cu-cs-vm sensors[637]: Make sure you loaded all the kernel drivers you need.
Sep  9 13:20:36 cu-cs-vm sensors[637]: Try sensors-detect to find out which these are.
Sep  9 13:20:36 cu-cs-vm cron[657]: (CRON) INFO (Running @reboot jobs)
Sep  9 13:20:36 cu-cs-vm acpid: 9 rules loaded
Sep  9 13:20:36 cu-cs-vm acpid: waiting for events: event logging is off
Sep  9 13:20:36 cu-cs-vm dbus[659]: [system] AppArmor D-Bus mediation is enabled
Sep  9 13:20:36 cu-cs-vm dbus[659]: [system] Successfully activated service 'org.freedesktop.systemd1'
Sep  9 13:20:36 cu-cs-vm systemd[1]: Starting Network Manager...
Sep  9 13:20:36 cu-cs-vm systemd[1]: Starting Thermal Daemon Service...
Sep  9 13:20:36 cu-cs-vm systemd[1]: Starting LSB: Speech Dispatcher...
Sep  9 13:20:36 cu-cs-vm systemd[1]: Starting LSB: Execute the kexec -e command to reboot system...
Sep  9 13:20:36 cu-cs-vm systemd[1]: Starting Avahi mDNS/DNS-SD Stack...
Sep  9 13:20:36 cu-cs-vm systemd[1]: Starting Detect the available GPUs and deal with any system changes...
Sep  9 13:20:36 cu-cs-vm systemd[1]: Started System Logging Service.
Sep  9 13:20:36 cu-cs-vm systemd[1]: Started Permit User Sessions.
Sep  9 13:20:36 cu-cs-vm systemd[1]: Started Restore /etc/resolv.conf if the system crashed before the ppp link was shut down.
Sep  9 13:20:36 cu-cs-vm sensors[692]: No sensors found!
Sep  9 13:20:36 cu-cs-vm sensors[692]: Make sure you loaded all the kernel drivers you need.
Sep  9 13:20:36 cu-cs-vm sensors[692]: Try sensors-detect to find out which these are.
Sep  9 13:20:36 cu-cs-vm systemd[1]: Started Save/Restore Sound Card State.
Sep  9 13:20:36 cu-cs-vm systemd[1]: Started Initialize hardware monitoring sensors.
Sep  9 13:20:36 cu-cs-vm apport[606]:  * Starting automatic crash report generation: apport
Sep  9 13:20:36 cu-cs-vm systemd[1]: Started Login Service.
Sep  9 13:20:36 cu-cs-vm systemd[1]: Started Raise network interfaces.
Sep  9 13:20:37 cu-cs-vm systemd[1]: Started LSB: Set the CPU Frequency Scaling governor to "ondemand".
Sep  9 13:20:37 cu-cs-vm speech-dispatcher[682]:  * speech-dispatcher disabled; edit /etc/default/speech-dispatcher
Sep  9 13:20:37 cu-cs-vm systemd[1]: Started LSB: Speech Dispatcher.
Sep  9 13:20:37 cu-cs-vm irqbalance[640]:  * Starting SMP IRQ Balancer: irqbalance
Sep  9 13:20:37 cu-cs-vm systemd[1]: Started LSB: Execute the kexec -e command to reboot system.
Sep  9 13:20:37 cu-cs-vm systemd[1]: Starting LSB: Load kernel image with kexec...
Sep  9 13:20:37 cu-cs-vm systemd[1]: Started LSB: Load kernel image with kexec.
Sep  9 13:20:37 cu-cs-vm /usr/sbin/irqbalance: Balancing is ineffective on systems with a single cpu.  Shutting down
Sep  9 13:20:37 cu-cs-vm irqbalance[640]:    ...done.
Sep  9 13:20:37 cu-cs-vm systemd[1]: Started LSB: daemon to balance interrupts for SMP systems.
Sep  9 13:20:37 cu-cs-vm avahi-daemon[688]: Found user 'avahi' (UID 111) and group 'avahi' (GID 120).
Sep  9 13:20:37 cu-cs-vm avahi-daemon[688]: Successfully dropped root privileges.
Sep  9 13:20:37 cu-cs-vm avahi-daemon[688]: avahi-daemon 0.6.32-rc starting up.
Sep  9 13:20:37 cu-cs-vm systemd[1]: Started Avahi mDNS/DNS-SD Stack.
Sep  9 13:20:37 cu-cs-vm systemd[1]: Started Make remote CUPS printers available locally.
Sep  9 13:20:37 cu-cs-vm avahi-daemon[688]: Successfully called chroot().
Sep  9 13:20:37 cu-cs-vm avahi-daemon[688]: Successfully dropped remaining capabilities.
Sep  9 13:20:37 cu-cs-vm avahi-daemon[688]: No service file found in /etc/avahi/services.
Sep  9 13:20:37 cu-cs-vm avahi-daemon[688]: Network interface enumeration completed.
Sep  9 13:20:37 cu-cs-vm avahi-daemon[688]: Server startup complete. Host name is cu-cs-vm.local. Local service cookie is 1395807454.
Sep  9 13:20:38 cu-cs-vm snapd[636]: AppArmor status: apparmor is enabled and all features are available
Sep  9 13:20:38 cu-cs-vm systemd[1]: Started Thermal Daemon Service.
Sep  9 13:20:38 cu-cs-vm thermald[681]: NO RAPL sysfs present
Sep  9 13:20:38 cu-cs-vm thermald[681]: 22 CPUID levels; family:model:stepping 0x6:9e:9 (6:158:9)
Sep  9 13:20:38 cu-cs-vm thermald[681]: Polling mode is enabled: 4
Sep  9 13:20:38 cu-cs-vm thermald[681]: Thermal DTS: No coretemp sysfs found
Sep  9 13:20:38 cu-cs-vm thermald[681]: Thermal DTS or hwmon: No Zones present Need to configure manually
Sep  9 13:20:38 cu-cs-vm thermald[681]: No thermal sensors found
Sep  9 13:20:38 cu-cs-vm thermald[681]: THD engine start failed
Sep  9 13:20:38 cu-cs-vm NetworkManager[680]: <info>  [1568056838.7122] NetworkManager (version 1.2.6) is starting...
Sep  9 13:20:38 cu-cs-vm NetworkManager[680]: <info>  [1568056838.7133] Read config: /etc/NetworkManager/NetworkManager.conf (etc: default-wifi-powersave-on.conf)
Sep  9 13:20:38 cu-cs-vm NetworkManager[680]: <info>  [1568056838.7316] manager[0x23da1c0]: monitoring kernel firmware directory '/lib/firmware'.
Sep  9 13:20:38 cu-cs-vm NetworkManager[680]: <info>  [1568056838.7318] monitoring ifupdown state file '/run/network/ifstate'.
Sep  9 13:20:38 cu-cs-vm NetworkManager[680]: <info>  [1568056838.7478] dns-mgr[0x23b9950]: init: dns=dnsmasq, rc-manager=resolvconf, plugin=dnsmasq
Sep  9 13:20:38 cu-cs-vm systemd[1]: Started Network Manager.
Sep  9 13:20:38 cu-cs-vm systemd[1]: Reached target Network.
Sep  9 13:20:38 cu-cs-vm systemd[1]: Started Unattended Upgrades Shutdown.
Sep  9 13:20:38 cu-cs-vm systemd[1]: Starting OpenBSD Secure Shell server...
Sep  9 13:20:38 cu-cs-vm systemd[1]: Starting Network Manager Wait Online...
Sep  9 13:20:38 cu-cs-vm dbus[659]: [system] Activating via systemd: service name='org.freedesktop.nm_dispatcher' unit='dbus-org.freedesktop.nm-dispatcher.service'
Sep  9 13:20:38 cu-cs-vm systemd[1]: Starting Network Manager Script Dispatcher Service...
Sep  9 13:20:39 cu-cs-vm systemd[1]: Started OpenBSD Secure Shell server.
Sep  9 13:20:39 cu-cs-vm dbus[659]: [system] Successfully activated service 'org.freedesktop.nm_dispatcher'
Sep  9 13:20:39 cu-cs-vm systemd[1]: Started Network Manager Script Dispatcher Service.
Sep  9 13:20:39 cu-cs-vm gpu-manager[689]: /etc/modprobe.d is not a file
Sep  9 13:20:39 cu-cs-vm gpu-manager[689]: message repeated 4 times: [ /etc/modprobe.d is not a file]
Sep  9 13:20:39 cu-cs-vm gpu-manager[689]: Error: can't open /lib/modules/4.15.0-33-generic/updates/dkms
Sep  9 13:20:39 cu-cs-vm gpu-manager[689]: Error: can't open /lib/modules/4.15.0-33-generic/updates/dkms
Sep  9 13:20:39 cu-cs-vm NetworkManager[680]: <info>  [1568056839.6583] init!
Sep  9 13:20:39 cu-cs-vm NetworkManager[680]: <info>  [1568056839.6586] management mode: unmanaged
Sep  9 13:20:39 cu-cs-vm NetworkManager[680]: <info>  [1568056839.6593] devices added (path: /sys/devices/pci0000:00/0000:00:03.0/net/enp0s3, iface: enp0s3)
Sep  9 13:20:39 cu-cs-vm NetworkManager[680]: <info>  [1568056839.6594] device added (path: /sys/devices/pci0000:00/0000:00:03.0/net/enp0s3, iface: enp0s3): no ifupdown configuration found.
Sep  9 13:20:39 cu-cs-vm NetworkManager[680]: <info>  [1568056839.6594] devices added (path: /sys/devices/virtual/net/lo, iface: lo)
Sep  9 13:20:39 cu-cs-vm NetworkManager[680]: <info>  [1568056839.6594] device added (path: /sys/devices/virtual/net/lo, iface: lo): no ifupdown configuration found.
Sep  9 13:20:39 cu-cs-vm NetworkManager[680]: <info>  [1568056839.6595] end _init.
Sep  9 13:20:39 cu-cs-vm NetworkManager[680]: <info>  [1568056839.6595] settings: loaded plugin ifupdown: (C) 2008 Canonical Ltd.  To report bugs please use the NetworkManager mailing list. (/usr/lib/x86_64-linux-gnu/NetworkManager/libnm-settings-plugin-ifupdown.so)
Sep  9 13:20:39 cu-cs-vm NetworkManager[680]: <info>  [1568056839.6596] settings: loaded plugin keyfile: (c) 2007 - 2015 Red Hat, Inc.  To report bugs please use the NetworkManager mailing list.
Sep  9 13:20:39 cu-cs-vm NetworkManager[680]: <info>  [1568056839.6733] SettingsPlugin-Ofono: init!
Sep  9 13:20:39 cu-cs-vm dbus[659]: [system] Activating via systemd: service name='org.freedesktop.PolicyKit1' unit='polkitd.service'
Sep  9 13:20:39 cu-cs-vm NetworkManager[680]: <warn>  [1568056839.6734] SettingsPlugin-Ofono: file doesn't exist: /var/lib/ofono
Sep  9 13:20:39 cu-cs-vm NetworkManager[680]: <info>  [1568056839.6735] SettingsPlugin-Ofono: end _init.
Sep  9 13:20:39 cu-cs-vm NetworkManager[680]: <info>  [1568056839.6735] settings: loaded plugin ofono: (C) 2013-2016 Canonical Ltd.  To report bugs please use the NetworkManager mailing list. (/usr/lib/x86_64-linux-gnu/NetworkManager/libnm-settings-plugin-ofono.so)
Sep  9 13:20:39 cu-cs-vm NetworkManager[680]: <info>  [1568056839.6736] (37664032) ... get_connections.
Sep  9 13:20:39 cu-cs-vm NetworkManager[680]: <info>  [1568056839.6736] (37664032) ... get_connections (managed=false): return empty list.
Sep  9 13:20:39 cu-cs-vm NetworkManager[680]: <info>  [1568056839.6943] SettingsPlugin-Ofono: (37664192) ... get_connections.
Sep  9 13:20:39 cu-cs-vm NetworkManager[680]: <info>  [1568056839.6944] SettingsPlugin-Ofono: (37664192) connections count: 0
Sep  9 13:20:39 cu-cs-vm NetworkManager[680]: <info>  [1568056839.6944] get unmanaged devices count: 0
Sep  9 13:20:39 cu-cs-vm dbus[659]: [system] Activating via systemd: service name='org.freedesktop.hostname1' unit='dbus-org.freedesktop.hostname1.service'
Sep  9 13:20:39 cu-cs-vm apport[606]:    ...done.
Sep  9 13:20:40 cu-cs-vm systemd[1]: Starting Hostname Service...
Sep  9 13:20:40 cu-cs-vm systemd[1]: Starting Authenticate and Authorize Users to Run Privileged Tasks...
Sep  9 13:20:40 cu-cs-vm systemd[1]: Started LSB: automatic crash report generation.
Sep  9 13:20:40 cu-cs-vm gpu-manager[689]: update-alternatives: error: no alternatives for x86_64-linux-gnu_gfxcore_conf
Sep  9 13:20:40 cu-cs-vm systemd[1]: Started Detect the available GPUs and deal with any system changes.
Sep  9 13:20:40 cu-cs-vm systemd[1]: Starting Light Display Manager...
Sep  9 13:20:40 cu-cs-vm dbus[659]: [system] Successfully activated service 'org.freedesktop.hostname1'
Sep  9 13:20:40 cu-cs-vm systemd[1]: Started Hostname Service.
Sep  9 13:20:40 cu-cs-vm NetworkManager[680]: <info>  [1568056840.1872] settings: hostname: using hostnamed
Sep  9 13:20:40 cu-cs-vm NetworkManager[680]: <info>  [1568056840.1873] settings: hostname changed from (none) to "cu-cs-vm"
Sep  9 13:20:40 cu-cs-vm NetworkManager[680]: <info>  [1568056840.1875] Using DHCP client 'dhclient'
Sep  9 13:20:40 cu-cs-vm NetworkManager[680]: <info>  [1568056840.1875] manager: WiFi enabled by radio killswitch; enabled by state file
Sep  9 13:20:40 cu-cs-vm NetworkManager[680]: <info>  [1568056840.1875] manager: WWAN enabled by radio killswitch; enabled by state file
Sep  9 13:20:40 cu-cs-vm NetworkManager[680]: <info>  [1568056840.1876] manager: Networking is enabled by state file
Sep  9 13:20:40 cu-cs-vm NetworkManager[680]: <info>  [1568056840.1876] Loaded device plugin: NMVxlanFactory (internal)
Sep  9 13:20:40 cu-cs-vm NetworkManager[680]: <info>  [1568056840.1876] Loaded device plugin: NMVlanFactory (internal)
Sep  9 13:20:40 cu-cs-vm NetworkManager[680]: <info>  [1568056840.1876] Loaded device plugin: NMVethFactory (internal)
Sep  9 13:20:40 cu-cs-vm NetworkManager[680]: <info>  [1568056840.1877] Loaded device plugin: NMTunFactory (internal)
Sep  9 13:20:40 cu-cs-vm NetworkManager[680]: <info>  [1568056840.1877] Loaded device plugin: NMMacvlanFactory (internal)
Sep  9 13:20:40 cu-cs-vm NetworkManager[680]: <info>  [1568056840.1877] Loaded device plugin: NMIPTunnelFactory (internal)
Sep  9 13:20:40 cu-cs-vm NetworkManager[680]: <info>  [1568056840.1877] Loaded device plugin: NMInfinibandFactory (internal)
Sep  9 13:20:40 cu-cs-vm NetworkManager[680]: <info>  [1568056840.1877] Loaded device plugin: NMEthernetFactory (internal)
Sep  9 13:20:40 cu-cs-vm NetworkManager[680]: <info>  [1568056840.1878] Loaded device plugin: NMBridgeFactory (internal)
Sep  9 13:20:40 cu-cs-vm nm-dispatcher: req:1 'hostname': new request (1 scripts)
Sep  9 13:20:40 cu-cs-vm NetworkManager[680]: <info>  [1568056840.1878] Loaded device plugin: NMBondFactory (internal)
Sep  9 13:20:40 cu-cs-vm nm-dispatcher: req:1 'hostname': start running ordered scripts...
Sep  9 13:20:40 cu-cs-vm polkitd[796]: started daemon version 0.105 using authority implementation `local' version `0.105'
Sep  9 13:20:40 cu-cs-vm dbus[659]: [system] Successfully activated service 'org.freedesktop.PolicyKit1'
Sep  9 13:20:40 cu-cs-vm systemd[1]: Started Authenticate and Authorize Users to Run Privileged Tasks.
Sep  9 13:20:40 cu-cs-vm accounts-daemon[610]: started daemon version 0.6.40
Sep  9 13:20:40 cu-cs-vm systemd[1]: Started Accounts Service.
Sep  9 13:20:40 cu-cs-vm NetworkManager[680]: <info>  [1568056840.5806] Loaded device plugin: NMBluezManager (/usr/lib/x86_64-linux-gnu/NetworkManager/libnm-device-plugin-bluetooth.so)
Sep  9 13:20:40 cu-cs-vm NetworkManager[680]: <info>  [1568056840.6012] Loaded device plugin: NMAtmManager (/usr/lib/x86_64-linux-gnu/NetworkManager/libnm-device-plugin-adsl.so)
Sep  9 13:20:40 cu-cs-vm NetworkManager[680]: <info>  [1568056840.6101] Loaded device plugin: NMWwanFactory (/usr/lib/x86_64-linux-gnu/NetworkManager/libnm-device-plugin-wwan.so)
Sep  9 13:20:40 cu-cs-vm NetworkManager[680]: <info>  [1568056840.6176] Loaded device plugin: NMWifiFactory (/usr/lib/x86_64-linux-gnu/NetworkManager/libnm-device-plugin-wifi.so)
Sep  9 13:20:40 cu-cs-vm NetworkManager[680]: <info>  [1568056840.9474] manager: (enp0s3): new Ethernet device (/org/freedesktop/NetworkManager/Devices/0)
Sep  9 13:20:40 cu-cs-vm NetworkManager[680]: <info>  [1568056840.9494] keyfile: add connection in-memory (4d435193-9b0c-36df-bb4a-1646d49efc5e,"Wired connection 1")
Sep  9 13:20:40 cu-cs-vm snapd[636]: 2019/09/09 13:20:40.963930 daemon.go:343: started snapd/2.34.2 (series 16; classic) ubuntu/16.04 (amd64) linux/4.15.0-33-generic.
Sep  9 13:20:40 cu-cs-vm systemd[1]: Started Snappy daemon.
Sep  9 13:20:40 cu-cs-vm systemd[1]: Starting Wait until snapd is fully seeded...
Sep  9 13:20:41 cu-cs-vm NetworkManager[680]: <info>  [1568056841.0015] settings: (enp0s3): created default wired connection 'Wired connection 1'
Sep  9 13:20:41 cu-cs-vm NetworkManager[680]: <info>  [1568056841.0059] device (enp0s3): state change: unmanaged -> unavailable (reason 'managed') [10 20 2]
Sep  9 13:20:41 cu-cs-vm kernel: [   23.349209] IPv6: ADDRCONF(NETDEV_UP): enp0s3: link is not ready
Sep  9 13:20:41 cu-cs-vm kernel: [   23.352868] IPv6: ADDRCONF(NETDEV_UP): enp0s3: link is not ready
Sep  9 13:20:41 cu-cs-vm NetworkManager[680]: nm_device_get_device_type: assertion 'NM_IS_DEVICE (self)' failed
Sep  9 13:20:41 cu-cs-vm NetworkManager[680]: <info>  [1568056841.0128] device (lo): link connected
Sep  9 13:20:41 cu-cs-vm NetworkManager[680]: <info>  [1568056841.0169] manager: (lo): new Generic device (/org/freedesktop/NetworkManager/Devices/1)
Sep  9 13:20:41 cu-cs-vm kernel: [   23.356605] e1000: enp0s3 NIC Link is Up 1000 Mbps Full Duplex, Flow Control: RX
Sep  9 13:20:41 cu-cs-vm kernel: [   23.357114] IPv6: ADDRCONF(NETDEV_CHANGE): enp0s3: link becomes ready
Sep  9 13:20:41 cu-cs-vm snapd[636]: 2019/09/09 13:20:41.094324 stateengine.go:101: state ensure error: Get https://api.snapcraft.io/api/v1/snaps/sections: dial tcp: lookup api.snapcraft.io on [::1]:53: read udp [::1]:46763->[::1]:53: read: connection refused
Sep  9 13:20:41 cu-cs-vm NetworkManager[680]: <info>  [1568056841.2724] urfkill disappeared from the bus
Sep  9 13:20:41 cu-cs-vm NetworkManager[680]: <info>  [1568056841.2802] device (enp0s3): link connected
Sep  9 13:20:41 cu-cs-vm systemd[1]: Started LSB: Record successful boot for GRUB.
Sep  9 13:20:41 cu-cs-vm NetworkManager[680]: <info>  [1568056841.6127] device (enp0s3): state change: unavailable -> disconnected (reason 'carrier-changed') [20 30 40]
Sep  9 13:20:41 cu-cs-vm NetworkManager[680]: <info>  [1568056841.6149] ofono is now available
Sep  9 13:20:41 cu-cs-vm NetworkManager[680]: <warn>  [1568056841.6159] failed to enumerate oFono devices: GDBus.Error:org.freedesktop.DBus.Error.ServiceUnknown: The name org.ofono was not provided by any .service files
Sep  9 13:20:41 cu-cs-vm NetworkManager[680]: <info>  [1568056841.6170] policy: auto-activating connection 'Wired connection 1'
Sep  9 13:20:41 cu-cs-vm NetworkManager[680]: <info>  [1568056841.6187] device (enp0s3): Activation: starting connection 'Wired connection 1' (4d435193-9b0c-36df-bb4a-1646d49efc5e)
Sep  9 13:20:41 cu-cs-vm NetworkManager[680]: <info>  [1568056841.6197] device (enp0s3): state change: disconnected -> prepare (reason 'none') [30 40 0]
Sep  9 13:20:41 cu-cs-vm NetworkManager[680]: <info>  [1568056841.6201] manager: NetworkManager state is now CONNECTING
Sep  9 13:20:41 cu-cs-vm NetworkManager[680]: <info>  [1568056841.6319] device (enp0s3): state change: prepare -> config (reason 'none') [40 50 0]
Sep  9 13:20:41 cu-cs-vm NetworkManager[680]: <info>  [1568056841.6418] device (enp0s3): state change: config -> ip-config (reason 'none') [50 70 0]
Sep  9 13:20:41 cu-cs-vm NetworkManager[680]: <info>  [1568056841.7303] dhcp4 (enp0s3): activation: beginning transaction (timeout in 45 seconds)
Sep  9 13:20:42 cu-cs-vm NetworkManager[680]: <info>  [1568056842.0108] dhcp4 (enp0s3): dhclient started with pid 833
Sep  9 13:20:42 cu-cs-vm systemd[1]: Started Wait until snapd is fully seeded.
Sep  9 13:20:42 cu-cs-vm systemd[1]: Received SIGRTMIN+21 from PID 343 (plymouthd).
Sep  9 13:20:42 cu-cs-vm systemd[1]: Started Light Display Manager.
Sep  9 13:20:42 cu-cs-vm dhclient[833]: DHCPREQUEST of 10.0.2.15 on enp0s3 to 255.255.255.255 port 67 (xid=0x5e6bae1d)
Sep  9 13:20:42 cu-cs-vm dhclient[833]: DHCPACK of 10.0.2.15 from 10.0.2.2
Sep  9 13:20:42 cu-cs-vm NetworkManager[680]: <info>  [1568056842.4386]   address 10.0.2.15
Sep  9 13:20:42 cu-cs-vm NetworkManager[680]: <info>  [1568056842.4391]   plen 24 (255.255.255.0)
Sep  9 13:20:42 cu-cs-vm NetworkManager[680]: <info>  [1568056842.4395]   gateway 10.0.2.2
Sep  9 13:20:42 cu-cs-vm NetworkManager[680]: <info>  [1568056842.4399]   server identifier 10.0.2.2
Sep  9 13:20:42 cu-cs-vm NetworkManager[680]: <info>  [1568056842.4402]   lease time 86400
Sep  9 13:20:42 cu-cs-vm NetworkManager[680]: <info>  [1568056842.4405]   nameserver '128.138.130.30'
Sep  9 13:20:42 cu-cs-vm NetworkManager[680]: <info>  [1568056842.4409]   nameserver '128.138.240.1'
Sep  9 13:20:42 cu-cs-vm NetworkManager[680]: <info>  [1568056842.4413]   nameserver '128.138.129.76'
Sep  9 13:20:42 cu-cs-vm NetworkManager[680]: <info>  [1568056842.4417]   domain name 'int.colorado.edu'
Sep  9 13:20:42 cu-cs-vm NetworkManager[680]: <info>  [1568056842.4421] dhcp4 (enp0s3): state changed unknown -> bound
Sep  9 13:20:42 cu-cs-vm avahi-daemon[688]: Joining mDNS multicast group on interface enp0s3.IPv4 with address 10.0.2.15.
Sep  9 13:20:42 cu-cs-vm avahi-daemon[688]: New relevant interface enp0s3.IPv4 for mDNS.
Sep  9 13:20:42 cu-cs-vm avahi-daemon[688]: Registering new address record for 10.0.2.15 on enp0s3.IPv4.
Sep  9 13:20:42 cu-cs-vm NetworkManager[680]: <info>  [1568056842.4470] device (enp0s3): state change: ip-config -> ip-check (reason 'none') [70 80 0]
Sep  9 13:20:42 cu-cs-vm NetworkManager[680]: <info>  [1568056842.4639] device (enp0s3): state change: ip-check -> secondaries (reason 'none') [80 90 0]
Sep  9 13:20:42 cu-cs-vm NetworkManager[680]: <info>  [1568056842.4713] device (enp0s3): state change: secondaries -> activated (reason 'none') [90 100 0]
Sep  9 13:20:42 cu-cs-vm NetworkManager[680]: <info>  [1568056842.4720] manager: NetworkManager state is now CONNECTED_LOCAL
Sep  9 13:20:42 cu-cs-vm dhclient[833]: bound to 10.0.2.15 -- renewal in 34458 seconds.
Sep  9 13:20:42 cu-cs-vm NetworkManager[680]: <info>  [1568056842.5295] manager: NetworkManager state is now CONNECTED_GLOBAL
Sep  9 13:20:42 cu-cs-vm NetworkManager[680]: <info>  [1568056842.5305] policy: set 'Wired connection 1' (enp0s3) as default for IPv4 routing and DNS
Sep  9 13:20:42 cu-cs-vm NetworkManager[680]: <info>  [1568056842.5318] dns-plugin[0x23e98e0]: starting dnsmasq...
Sep  9 13:20:42 cu-cs-vm NetworkManager[680]: <info>  [1568056842.5785] dns-mgr: Writing DNS information to /sbin/resolvconf
Sep  9 13:20:42 cu-cs-vm dnsmasq[854]: started, version 2.75 cache disabled
Sep  9 13:20:42 cu-cs-vm dnsmasq[854]: compile time options: IPv6 GNU-getopt DBus i18n IDN DHCP DHCPv6 no-Lua TFTP conntrack ipset auth DNSSEC loop-detect inotify
Sep  9 13:20:42 cu-cs-vm dnsmasq[854]: DBus support enabled: connected to system bus
Sep  9 13:20:42 cu-cs-vm dnsmasq[854]: warning: no upstream servers configured
Sep  9 13:20:43 cu-cs-vm avahi-daemon[688]: Joining mDNS multicast group on interface enp0s3.IPv6 with address fe80::64b5:d172:546f:a03e.
Sep  9 13:20:43 cu-cs-vm avahi-daemon[688]: New relevant interface enp0s3.IPv6 for mDNS.
Sep  9 13:20:43 cu-cs-vm avahi-daemon[688]: Registering new address record for fe80::64b5:d172:546f:a03e on enp0s3.*.
Sep  9 13:20:43 cu-cs-vm NetworkManager[680]: <info>  [1568056843.3087] device (enp0s3): Activation: successful, device activated.
Sep  9 13:20:43 cu-cs-vm nm-dispatcher: req:2 'up' [enp0s3]: new request (1 scripts)
Sep  9 13:20:43 cu-cs-vm nm-dispatcher: req:2 'up' [enp0s3]: start running ordered scripts...
Sep  9 13:20:43 cu-cs-vm NetworkManager[680]: <info>  [1568056843.3247] dnsmasq[0x23e98e0]: dnsmasq appeared as :1.14
Sep  9 13:20:43 cu-cs-vm dnsmasq[854]: setting upstream servers from DBus
Sep  9 13:20:43 cu-cs-vm dnsmasq[854]: using nameserver 128.138.130.30#53(via enp0s3)
Sep  9 13:20:43 cu-cs-vm dnsmasq[854]: using nameserver 128.138.240.1#53(via enp0s3)
Sep  9 13:20:43 cu-cs-vm dnsmasq[854]: using nameserver 128.138.129.76#53(via enp0s3)
Sep  9 13:20:43 cu-cs-vm systemd[1]: Reloading OpenBSD Secure Shell server.
Sep  9 13:20:43 cu-cs-vm systemd[1]: Reloaded OpenBSD Secure Shell server.
Sep  9 13:20:45 cu-cs-vm systemd[1]: Created slice User Slice of user.
Sep  9 13:20:45 cu-cs-vm systemd[1]: Starting User Manager for UID 1000...
Sep  9 13:20:45 cu-cs-vm systemd[1]: Started Session c1 of user user.
Sep  9 13:20:45 cu-cs-vm systemd[1021]: Reached target Paths.
Sep  9 13:20:45 cu-cs-vm systemd[1021]: Reached target Sockets.
Sep  9 13:20:45 cu-cs-vm systemd[1021]: Reached target Timers.
Sep  9 13:20:45 cu-cs-vm systemd[1021]: Reached target Basic System.
Sep  9 13:20:45 cu-cs-vm systemd[1021]: Reached target Default.
Sep  9 13:20:45 cu-cs-vm systemd[1021]: Startup finished in 187ms.
Sep  9 13:20:45 cu-cs-vm systemd[1]: Started User Manager for UID 1000.
Sep  9 13:20:46 cu-cs-vm NetworkManager[680]: <info>  [1568056846.6586] manager: startup complete
Sep  9 13:20:46 cu-cs-vm systemd[1]: Started Network Manager Wait Online.
Sep  9 13:20:46 cu-cs-vm systemd[1]: Reached target Network is Online.
Sep  9 13:20:46 cu-cs-vm systemd[1]: Starting LSB: disk temperature monitoring daemon...
Sep  9 13:20:46 cu-cs-vm systemd[1]: Starting /etc/rc.local Compatibility...
Sep  9 13:20:46 cu-cs-vm systemd[1]: Started crash report submission daemon.
Sep  9 13:20:46 cu-cs-vm systemd[1]: Started LSB: disk temperature monitoring daemon.
Sep  9 13:20:46 cu-cs-vm systemd[1]: Started /etc/rc.local Compatibility.
Sep  9 13:20:46 cu-cs-vm systemd[1]: Starting Hold until boot process finishes up...
Sep  9 13:20:46 cu-cs-vm systemd[1]: Started Hold until boot process finishes up.
Sep  9 13:20:46 cu-cs-vm systemd[1]: Starting Set console scheme...
Sep  9 13:20:46 cu-cs-vm systemd[1]: Started Getty on tty1.
Sep  9 13:20:46 cu-cs-vm systemd[1]: Reached target Login Prompts.
Sep  9 13:20:46 cu-cs-vm systemd[1]: Reached target Multi-User System.
Sep  9 13:20:46 cu-cs-vm systemd[1]: Reached target Graphical Interface.
Sep  9 13:20:46 cu-cs-vm systemd[1]: Starting Update UTMP about System Runlevel Changes...
Sep  9 13:20:46 cu-cs-vm systemd[1]: Started Update UTMP about System Runlevel Changes.
Sep  9 13:20:46 cu-cs-vm systemd[1]: Started Set console scheme.
Sep  9 13:20:46 cu-cs-vm systemd[1]: Startup finished in 2.843s (kernel) + 26.426s (userspace) = 29.270s.
Sep  9 13:20:47 cu-cs-vm whoopsie[1038]: [13:20:47] Using lock path: /var/lock/whoopsie/lock
Sep  9 13:20:47 cu-cs-vm whoopsie[1038]: [13:20:47] The default IPv4 route is: /org/freedesktop/NetworkManager/ActiveConnection/0
Sep  9 13:20:47 cu-cs-vm whoopsie[1038]: [13:20:47] Not a paid data plan: /org/freedesktop/NetworkManager/ActiveConnection/0
Sep  9 13:20:47 cu-cs-vm whoopsie[1038]: [13:20:47] Found usable connection: /org/freedesktop/NetworkManager/ActiveConnection/0
Sep  9 13:20:48 cu-cs-vm NetworkManager[680]: <info>  [1568056848.6598] manager: WiFi hardware radio set enabled
Sep  9 13:20:48 cu-cs-vm NetworkManager[680]: <info>  [1568056848.6599] manager: WWAN hardware radio set enabled
Sep  9 13:20:51 cu-cs-vm org.a11y.Bus[1116]: ** (process:1190): WARNING **: Failed to register client: GDBus.Error:org.freedesktop.DBus.Error.ServiceUnknown: The name org.gnome.SessionManager was not provided by any .service files
Sep  9 13:20:51 cu-cs-vm org.a11y.Bus[1116]: Activating service name='org.a11y.atspi.Registry'
Sep  9 13:20:51 cu-cs-vm org.a11y.Bus[1116]: Successfully activated service 'org.a11y.atspi.Registry'
Sep  9 13:20:51 cu-cs-vm org.a11y.atspi.Registry[1195]: SpiRegistry daemon is running with well-known name - org.a11y.atspi.Registry
Sep  9 13:20:55 cu-cs-vm dbus[659]: [system] Activating via systemd: service name='org.freedesktop.RealtimeKit1' unit='rtkit-daemon.service'
Sep  9 13:20:55 cu-cs-vm systemd[1]: Starting RealtimeKit Scheduling Policy Service...
Sep  9 13:20:55 cu-cs-vm dbus[659]: [system] Successfully activated service 'org.freedesktop.RealtimeKit1'
Sep  9 13:20:55 cu-cs-vm systemd[1]: Started RealtimeKit Scheduling Policy Service.
Sep  9 13:20:55 cu-cs-vm rtkit-daemon[1251]: Successfully called chroot.
Sep  9 13:20:55 cu-cs-vm rtkit-daemon[1251]: Successfully dropped privileges.
Sep  9 13:20:55 cu-cs-vm rtkit-daemon[1251]: Successfully limited resources.
Sep  9 13:20:55 cu-cs-vm rtkit-daemon[1251]: Running.
Sep  9 13:20:55 cu-cs-vm rtkit-daemon[1251]: Watchdog thread running.
Sep  9 13:20:55 cu-cs-vm rtkit-daemon[1251]: Canary thread running.
Sep  9 13:20:58 cu-cs-vm rtkit-daemon[1251]: Successfully made thread 1250 of process 1250 (n/a) owned by '1000' high priority at nice level -11.
Sep  9 13:20:58 cu-cs-vm rtkit-daemon[1251]: Supervising 1 threads of 1 processes of 1 users.
Sep  9 13:21:00 cu-cs-vm systemd-timesyncd[340]: Synchronized to time server 91.189.91.157:123 (ntp.ubuntu.com).
Sep  9 13:21:00 cu-cs-vm systemd[1021]: Time has been changed
Sep  9 13:21:00 cu-cs-vm systemd[1]: Time has been changed
Sep  9 13:21:00 cu-cs-vm dbus[659]: [system] Activating via systemd: service name='org.freedesktop.UPower' unit='upower.service'
Sep  9 13:21:01 cu-cs-vm systemd[1]: Starting Daemon for power management...
Sep  9 13:21:02 cu-cs-vm pulseaudio[1250]: [pulseaudio] alsa-util.c: Disabling timer-based scheduling because running inside a VM.
Sep  9 13:21:02 cu-cs-vm pulseaudio[1250]: [pulseaudio] sink.c: Default and alternate sample rates are the same.
Sep  9 13:21:02 cu-cs-vm rtkit-daemon[1251]: Supervising 1 threads of 1 processes of 1 users.
Sep  9 13:21:02 cu-cs-vm rtkit-daemon[1251]: Successfully made thread 1305 of process 1250 (n/a) owned by '1000' RT at priority 5.
Sep  9 13:21:02 cu-cs-vm rtkit-daemon[1251]: Supervising 2 threads of 1 processes of 1 users.
Sep  9 13:21:02 cu-cs-vm pulseaudio[1250]: [pulseaudio] alsa-util.c: Disabling timer-based scheduling because running inside a VM.
Sep  9 13:21:02 cu-cs-vm pulseaudio[1250]: [pulseaudio] source.c: Default and alternate sample rates are the same.
Sep  9 13:21:02 cu-cs-vm rtkit-daemon[1251]: Supervising 2 threads of 1 processes of 1 users.
Sep  9 13:21:02 cu-cs-vm rtkit-daemon[1251]: Successfully made thread 1306 of process 1250 (n/a) owned by '1000' RT at priority 5.
Sep  9 13:21:02 cu-cs-vm rtkit-daemon[1251]: Supervising 3 threads of 1 processes of 1 users.
Sep  9 13:21:03 cu-cs-vm rtkit-daemon[1251]: Successfully made thread 1315 of process 1315 (n/a) owned by '1000' high priority at nice level -11.
Sep  9 13:21:03 cu-cs-vm rtkit-daemon[1251]: Supervising 4 threads of 2 processes of 1 users.
Sep  9 13:21:03 cu-cs-vm pulseaudio[1315]: [pulseaudio] pid.c: Daemon already running.
Sep  9 13:21:03 cu-cs-vm dbus[659]: [system] Successfully activated service 'org.freedesktop.UPower'
Sep  9 13:21:03 cu-cs-vm systemd[1]: Started Daemon for power management.
Sep  9 13:21:09 cu-cs-vm dbus[659]: [system] Activating via systemd: service name='org.bluez' unit='dbus-org.bluez.service'
Sep  9 13:21:09 cu-cs-vm dbus[659]: [system] Activating via systemd: service name='org.freedesktop.UDisks2' unit='udisks2.service'
Sep  9 13:21:09 cu-cs-vm systemd[1]: Starting Disk Manager...
Sep  9 13:21:10 cu-cs-vm udisksd[1381]: udisks daemon version 2.1.7 starting
Sep  9 13:21:10 cu-cs-vm dbus[659]: [system] Successfully activated service 'org.freedesktop.UDisks2'
Sep  9 13:21:10 cu-cs-vm systemd[1]: Started Disk Manager.
Sep  9 13:21:10 cu-cs-vm udisksd[1381]: Acquired the name org.freedesktop.UDisks2 on the system message bus
Sep  9 13:21:10 cu-cs-vm org.gtk.vfs.AfcVolumeMonitor[1116]: Volume monitor alive
Sep  9 13:21:24 cu-cs-vm systemd[1]: Started Daemon for generating UUIDs.
Sep  9 13:21:35 cu-cs-vm dbus[659]: [system] Activating via systemd: service name='org.bluez' unit='dbus-org.bluez.service'
Sep  9 13:21:36 cu-cs-vm dbus[659]: [system] Activating service name='org.blueman.Mechanism' (using servicehelper)
Sep  9 13:21:36 cu-cs-vm org.blueman.Mechanism[659]: Failed to connect to Mir: Failed to connect to server socket: No such file or directory
Sep  9 13:21:36 cu-cs-vm org.blueman.Mechanism[659]: Unable to init server: Could not connect: Connection refused
Sep  9 13:21:36 cu-cs-vm org.blueman.Mechanism[659]: Failed to connect to Mir: Failed to connect to server socket: No such file or directory
Sep  9 13:21:36 cu-cs-vm org.blueman.Mechanism[659]: Unable to init server: Could not connect: Connection refused
Sep  9 13:21:36 cu-cs-vm blueman-mechanism: Starting blueman-mechanism
Sep  9 13:21:36 cu-cs-vm dbus[659]: [system] Successfully activated service 'org.blueman.Mechanism'
Sep  9 13:21:36 cu-cs-vm org.blueman.Mechanism[659]: (blueman-mechanism:2438): Gtk-CRITICAL **: gtk_icon_theme_get_for_screen: assertion 'GDK_IS_SCREEN (screen)' failed
Sep  9 13:21:36 cu-cs-vm blueman-mechanism: loading Ppp
Sep  9 13:21:36 cu-cs-vm blueman-mechanism: loading RfKill
Sep  9 13:21:36 cu-cs-vm blueman-mechanism: loading Network
Sep  9 13:21:36 cu-cs-vm blueman-mechanism: loading Rfcomm
Sep  9 13:21:37 cu-cs-vm obexd[2443]: OBEX daemon 5.37
Sep  9 13:21:38 cu-cs-vm org.gnome.keyring.SystemPrompter[1116]: Gtk-Message: GtkDialog mapped without a transient parent. This is discouraged.
Sep  9 13:21:42 cu-cs-vm org.gnome.keyring.SystemPrompter[1116]: Gtk-Message: GtkDialog mapped without a transient parent. This is discouraged.
Sep  9 13:21:44 cu-cs-vm org.gnome.keyring.SystemPrompter[1116]: Gtk-Message: GtkDialog mapped without a transient parent. This is discouraged.
Sep  9 13:21:45 cu-cs-vm org.gnome.keyring.SystemPrompter[1116]: Gtk-Message: GtkDialog mapped without a transient parent. This is discouraged.
Sep  9 13:22:06 cu-cs-vm blueman-mechanism: Exiting
Sep  9 13:25:59 cu-cs-vm systemd-timesyncd[340]: Timed out waiting for reply from 91.189.91.157:123 (ntp.ubuntu.com).
Sep  9 13:25:59 cu-cs-vm systemd-timesyncd[340]: Synchronized to time server 91.189.89.198:123 (ntp.ubuntu.com).
Sep  9 13:30:33 cu-cs-vm anacron[644]: Job `cron.weekly' started
Sep  9 13:30:33 cu-cs-vm anacron[2583]: Updated timestamp for job `cron.weekly' to 2019-09-09
Sep  9 13:30:33 cu-cs-vm uptimed: moving up to position 2: 0 days, 00:10:17
Sep  9 13:30:39 cu-cs-vm anacron[644]: Job `cron.weekly' terminated
Sep  9 13:30:59 cu-cs-vm systemd-timesyncd[340]: Timed out waiting for reply from 91.189.89.198:123 (ntp.ubuntu.com).
Sep  9 13:30:59 cu-cs-vm systemd-timesyncd[340]: Synchronized to time server 91.189.89.199:123 (ntp.ubuntu.com).
Sep  9 13:33:40 cu-cs-vm systemd[1]: Reloading.
Sep  9 13:33:40 cu-cs-vm systemd[1]: Reloading.
Sep  9 13:33:40 cu-cs-vm systemd[1]: Started CUPS Scheduler.
Sep  9 13:33:40 cu-cs-vm systemd[1]: Started CUPS Scheduler.
Sep  9 13:33:40 cu-cs-vm systemd[1]: Started ACPI event daemon.
Sep  9 13:33:43 cu-cs-vm systemd[1]: Reloading.
Sep  9 13:33:43 cu-cs-vm systemd[1]: Started CUPS Scheduler.
Sep  9 13:33:43 cu-cs-vm systemd[1]: Started ACPI event daemon.
Sep  9 13:33:43 cu-cs-vm systemd[1]: Reloading.
Sep  9 13:33:43 cu-cs-vm systemd[1]: Started CUPS Scheduler.
Sep  9 13:33:43 cu-cs-vm systemd[1]: Started ACPI event daemon.
Sep  9 13:33:43 cu-cs-vm systemd[1]: Reloading.
Sep  9 13:33:43 cu-cs-vm systemd[1]: Started CUPS Scheduler.
Sep  9 13:33:43 cu-cs-vm systemd[1]: Started ACPI event daemon.
Sep  9 13:34:39 cu-cs-vm systemd[1]: Reloading.
Sep  9 13:34:39 cu-cs-vm systemd[1]: Started CUPS Scheduler.
Sep  9 13:34:39 cu-cs-vm systemd[1]: Started ACPI event daemon.
Sep  9 13:34:43 cu-cs-vm systemd[1]: Reloading.
Sep  9 13:34:43 cu-cs-vm systemd[1]: Started CUPS Scheduler.
Sep  9 13:34:43 cu-cs-vm systemd[1]: Started ACPI event daemon.
Sep  9 13:34:44 cu-cs-vm systemd[1]: Reloading.
Sep  9 13:34:44 cu-cs-vm systemd[1]: Started CUPS Scheduler.
Sep  9 13:34:44 cu-cs-vm systemd[1]: Started ACPI event daemon.
Sep  9 13:34:50 cu-cs-vm dbus[659]: [system] Reloaded configuration
Sep  9 13:34:53 cu-cs-vm dbus[659]: message repeated 12 times: [ [system] Reloaded configuration]
Sep  9 13:34:53 cu-cs-vm systemd[1]: Reloading.
Sep  9 13:34:54 cu-cs-vm systemd[1]: Reloading.
Sep  9 13:34:54 cu-cs-vm systemd[1]: Started CUPS Scheduler.
Sep  9 13:34:54 cu-cs-vm systemd[1]: Reloading.
Sep  9 13:34:54 cu-cs-vm systemd[1]: Started CUPS Scheduler.
Sep  9 13:34:54 cu-cs-vm systemd[1]: Reexecuting.
Sep  9 13:34:54 cu-cs-vm kernel: [  877.481362] systemd: 30 output lines suppressed due to ratelimiting
Sep  9 13:34:54 cu-cs-vm systemd[1]: systemd 229 running in system mode. (+PAM +AUDIT +SELINUX +IMA +APPARMOR +SMACK +SYSVINIT +UTMP +LIBCRYPTSETUP +GCRYPT +GNUTLS +ACL +XZ -LZ4 +SECCOMP +BLKID +ELFUTILS +KMOD -IDN)
Sep  9 13:34:54 cu-cs-vm systemd[1]: Detected virtualization oracle.
Sep  9 13:34:54 cu-cs-vm systemd[1]: Detected architecture x86-64.
Sep  9 13:34:54 cu-cs-vm systemd[1]: Started CUPS Scheduler.
Sep  9 13:34:54 cu-cs-vm systemd[1]: Started ACPI event daemon.
Sep  9 13:34:54 cu-cs-vm systemd[1]: Stopping Network Time Synchronization...
Sep  9 13:34:54 cu-cs-vm systemd[1]: Stopped Network Time Synchronization.
Sep  9 13:34:54 cu-cs-vm systemd[1]: Starting Network Time Synchronization...
Sep  9 13:34:54 cu-cs-vm systemd[1]: Started Network Time Synchronization.
Sep  9 13:34:54 cu-cs-vm systemd[1]: Started Trigger resolvconf update for networkd DNS.
Sep  9 13:34:54 cu-cs-vm systemd-timesyncd[4497]: Synchronized to time server 91.189.89.198:123 (ntp.ubuntu.com).
Sep  9 13:34:55 cu-cs-vm systemd[1]: Reloading.
Sep  9 13:34:55 cu-cs-vm systemd[1]: Started ACPI event daemon.
Sep  9 13:34:55 cu-cs-vm systemd[1]: Started CUPS Scheduler.
Sep  9 13:34:56 cu-cs-vm systemd[1]: Reloading.
Sep  9 13:34:56 cu-cs-vm systemd[1]: Started ACPI event daemon.
Sep  9 13:34:56 cu-cs-vm systemd[1]: Started CUPS Scheduler.
Sep  9 13:34:57 cu-cs-vm systemd[1]: Reloading.
Sep  9 13:34:57 cu-cs-vm systemd[1]: Started ACPI event daemon.
Sep  9 13:34:57 cu-cs-vm systemd[1]: Started CUPS Scheduler.
Sep  9 13:35:01 cu-cs-vm systemd[1]: Reloading.
Sep  9 13:35:01 cu-cs-vm systemd[1]: Stopping LSB: Record successful boot for GRUB...
Sep  9 13:35:01 cu-cs-vm systemd[1]: Started ACPI event daemon.
Sep  9 13:35:01 cu-cs-vm systemd[1]: Started CUPS Scheduler.
Sep  9 13:35:01 cu-cs-vm systemd[1]: Stopped LSB: Record successful boot for GRUB.
Sep  9 13:35:02 cu-cs-vm systemd[1]: Reloading.
Sep  9 13:35:02 cu-cs-vm systemd[1]: Started ACPI event daemon.
Sep  9 13:35:02 cu-cs-vm systemd[1]: Started CUPS Scheduler.
Sep  9 13:35:02 cu-cs-vm systemd[1]: Reloading.
Sep  9 13:35:02 cu-cs-vm systemd[1]: Started ACPI event daemon.
Sep  9 13:35:02 cu-cs-vm systemd[1]: Started CUPS Scheduler.
Sep  9 13:35:02 cu-cs-vm systemd[1]: Reloading.
Sep  9 13:35:03 cu-cs-vm systemd[1]: Reloading.
Sep  9 13:35:03 cu-cs-vm systemd[1]: Started CUPS Scheduler.
Sep  9 13:35:03 cu-cs-vm systemd[1]: Started ACPI event daemon.
Sep  9 13:35:09 cu-cs-vm systemd[1]: Reloading.
Sep  9 13:35:09 cu-cs-vm systemd[1]: Started ACPI event daemon.
Sep  9 13:35:09 cu-cs-vm systemd[1]: Started CUPS Scheduler.
Sep  9 13:35:10 cu-cs-vm systemd[1]: Reloading.
Sep  9 13:35:10 cu-cs-vm systemd[1]: Started ACPI event daemon.
Sep  9 13:35:10 cu-cs-vm systemd[1]: Started CUPS Scheduler.
Sep  9 13:35:11 cu-cs-vm systemd[1]: Reloading.
Sep  9 13:35:11 cu-cs-vm systemd[1]: Reloading.
Sep  9 13:35:11 cu-cs-vm systemd[1]: Started CUPS Scheduler.
Sep  9 13:35:11 cu-cs-vm systemd[1]: Started ACPI event daemon.
Sep  9 13:35:11 cu-cs-vm systemd[1]: Reloading.
Sep  9 13:35:12 cu-cs-vm systemd[1]: Started ACPI event daemon.
Sep  9 13:35:12 cu-cs-vm systemd[1]: Started CUPS Scheduler.
Sep  9 13:35:13 cu-cs-vm systemd[1]: Reloading.
Sep  9 13:35:13 cu-cs-vm systemd[1]: Started ACPI event daemon.
Sep  9 13:35:13 cu-cs-vm systemd[1]: Started CUPS Scheduler.
Sep  9 13:35:15 cu-cs-vm systemd[1]: Stopped Daily apt upgrade and clean activities.
Sep  9 13:35:15 cu-cs-vm systemd[1]: Stopped Daily apt download activities.
Sep  9 13:35:16 cu-cs-vm systemd[1]: Reloading.
Sep  9 13:35:16 cu-cs-vm systemd[1]: Started ACPI event daemon.
Sep  9 13:35:16 cu-cs-vm systemd[1]: Started CUPS Scheduler.
Sep  9 13:35:17 cu-cs-vm systemd[1]: Starting Cleanup of Temporary Directories...
Sep  9 13:35:17 cu-cs-vm systemd-tmpfiles[14886]: [/usr/lib/tmpfiles.d/var.conf:14] Duplicate line for path "/var/log", ignoring.
Sep  9 13:35:17 cu-cs-vm systemd[1]: Reloading.
Sep  9 13:35:17 cu-cs-vm systemd[1]: Started Cleanup of Temporary Directories.
Sep  9 13:35:17 cu-cs-vm systemd[1]: Started ACPI event daemon.
Sep  9 13:35:17 cu-cs-vm systemd[1]: Started CUPS Scheduler.
Sep  9 13:35:17 cu-cs-vm systemd[1]: Started Daily apt upgrade and clean activities.
Sep  9 13:35:17 cu-cs-vm systemd[1]: Started Daily apt download activities.
Sep  9 13:35:34 cu-cs-vm anacron[644]: Job `cron.monthly' started
Sep  9 13:35:34 cu-cs-vm anacron[644]: Job `cron.monthly' terminated
Sep  9 13:35:34 cu-cs-vm anacron[644]: Normal exit (2 jobs run)
Sep  9 13:35:37 cu-cs-vm systemd[1]: Reloading.
Sep  9 13:35:38 cu-cs-vm systemd[1]: Started ACPI event daemon.
Sep  9 13:35:38 cu-cs-vm systemd[1]: Started CUPS Scheduler.
Sep  9 13:35:45 cu-cs-vm systemd[1]: Reloading.
Sep  9 13:35:45 cu-cs-vm systemd[1]: Stopping Make remote CUPS printers available locally...
Sep  9 13:35:45 cu-cs-vm systemd[1]: Started ACPI event daemon.
Sep  9 13:35:45 cu-cs-vm systemd[1]: Stopped Make remote CUPS printers available locally.
Sep  9 13:35:45 cu-cs-vm systemd[1]: Started CUPS Scheduler.
Sep  9 13:35:45 cu-cs-vm systemd[1]: Reloading.
Sep  9 13:35:45 cu-cs-vm systemd[1]: Started ACPI event daemon.
Sep  9 13:35:45 cu-cs-vm systemd[1]: Started CUPS Scheduler.
Sep  9 13:35:47 cu-cs-vm systemd[1]: Stopped CUPS Scheduler.
Sep  9 13:35:47 cu-cs-vm systemd[1]: Reloading.
